
Allocating common symbols
Common symbol       size              file

serial_stk          0x800             ..\obj\SerialTask.o
PriNum              0x1               ..\obj\task.o
TaskNumPerPri       0x11              ..\obj\task.o
led_stk             0x1000            ..\obj\LedTask.o
RdyTaskPriInfo      0x4               ..\obj\task.o
ActivePri           0x11              ..\obj\task.o
queueRxId           0x1               ..\obj\SerialTask.o
lastjoyKey          0x1               ..\obj\JoyTmr.o
ADC_ConvertedValue  0x4               ..\obj\analogJoy_driver.o
queueRx             0x40              ..\obj\SerialTask.o
keyFlag             0x5               ..\obj\JoyTmr.o
serialSem           0x1               ..\obj\SerialTask.o

Discarded input sections

 .text          0x00000000        0x0 ..\obj\led_driver.o
 .data          0x00000000        0x0 ..\obj\led_driver.o
 .bss           0x00000000        0x0 ..\obj\led_driver.o
 .text          0x00000000        0x0 ..\obj\kernelHeap.o
 .data          0x00000000        0x0 ..\obj\kernelHeap.o
 .text.CoKmalloc
                0x00000000      0x16c ..\obj\kernelHeap.o
 .text.CoKfree  0x00000000      0x2d4 ..\obj\kernelHeap.o
 .text.GetPreFMB
                0x00000000       0x34 ..\obj\kernelHeap.o
 .text          0x00000000        0x0 ..\obj\core.o
 .data          0x00000000        0x0 ..\obj\core.o
 .text.CoSchedLock
                0x00000000       0x20 ..\obj\core.o
 .text.CoSchedUnlock
                0x00000000        0xc ..\obj\core.o
 .text.CoGetOSVersion
                0x00000000       0x14 ..\obj\core.o
 .text          0x00000000        0x0 ..\obj\timer.o
 .data          0x00000000        0x0 ..\obj\timer.o
 .text.CoStopTmr
                0x00000000       0x70 ..\obj\timer.o
 .text.CoDelTmr
                0x00000000       0x70 ..\obj\timer.o
 .text.CoGetCurTmrCnt
                0x00000000       0x64 ..\obj\timer.o
 .text.CoSetTmrCnt
                0x00000000       0x8c ..\obj\timer.o
 .text          0x00000000        0x0 ..\obj\utility.o
 .data          0x00000000        0x0 ..\obj\utility.o
 .bss           0x00000000        0x0 ..\obj\utility.o
 .text.CoTickToTime
                0x00000000       0xa0 ..\obj\utility.o
 .text.CoTimeToTick
                0x00000000       0x8c ..\obj\utility.o
 .debug_info    0x00000000      0x168 ..\obj\utility.o
 .debug_abbrev  0x00000000       0xae ..\obj\utility.o
 .debug_aranges
                0x00000000       0x28 ..\obj\utility.o
 .debug_ranges  0x00000000       0x18 ..\obj\utility.o
 .debug_line    0x00000000       0xa7 ..\obj\utility.o
 .debug_str     0x00000000      0x19d ..\obj\utility.o
 .comment       0x00000000       0x71 ..\obj\utility.o
 .debug_frame   0x00000000       0x60 ..\obj\utility.o
 .ARM.attributes
                0x00000000       0x37 ..\obj\utility.o
 .text          0x00000000        0x0 ..\obj\stm32f4xx_usart.o
 .data          0x00000000        0x0 ..\obj\stm32f4xx_usart.o
 .bss           0x00000000        0x0 ..\obj\stm32f4xx_usart.o
 .text.USART_DeInit
                0x00000000       0xd0 ..\obj\stm32f4xx_usart.o
 .text.USART_StructInit
                0x00000000       0x38 ..\obj\stm32f4xx_usart.o
 .text.USART_ClockInit
                0x00000000       0x54 ..\obj\stm32f4xx_usart.o
 .text.USART_ClockStructInit
                0x00000000       0x2c ..\obj\stm32f4xx_usart.o
 .text.USART_SetPrescaler
                0x00000000       0x38 ..\obj\stm32f4xx_usart.o
 .text.USART_OverSampling8Cmd
                0x00000000       0x44 ..\obj\stm32f4xx_usart.o
 .text.USART_OneBitMethodCmd
                0x00000000       0x40 ..\obj\stm32f4xx_usart.o
 .text.USART_SetAddress
                0x00000000       0x38 ..\obj\stm32f4xx_usart.o
 .text.USART_ReceiverWakeUpCmd
                0x00000000       0x40 ..\obj\stm32f4xx_usart.o
 .text.USART_WakeUpConfig
                0x00000000       0x38 ..\obj\stm32f4xx_usart.o
 .text.USART_LINBreakDetectLengthConfig
                0x00000000       0x38 ..\obj\stm32f4xx_usart.o
 .text.USART_LINCmd
                0x00000000       0x40 ..\obj\stm32f4xx_usart.o
 .text.USART_SendBreak
                0x00000000       0x24 ..\obj\stm32f4xx_usart.o
 .text.USART_HalfDuplexCmd
                0x00000000       0x40 ..\obj\stm32f4xx_usart.o
 .text.USART_SetGuardTime
                0x00000000       0x3c ..\obj\stm32f4xx_usart.o
 .text.USART_SmartCardCmd
                0x00000000       0x40 ..\obj\stm32f4xx_usart.o
 .text.USART_SmartCardNACKCmd
                0x00000000       0x40 ..\obj\stm32f4xx_usart.o
 .text.USART_IrDAConfig
                0x00000000       0x38 ..\obj\stm32f4xx_usart.o
 .text.USART_IrDACmd
                0x00000000       0x40 ..\obj\stm32f4xx_usart.o
 .text.USART_DMACmd
                0x00000000       0x48 ..\obj\stm32f4xx_usart.o
 .text.USART_GetFlagStatus
                0x00000000       0x38 ..\obj\stm32f4xx_usart.o
 .text.USART_ClearFlag
                0x00000000       0x20 ..\obj\stm32f4xx_usart.o
 .text          0x00000000        0x0 ..\obj\joy_driver.o
 .data          0x00000000        0x0 ..\obj\joy_driver.o
 .bss           0x00000000        0x0 ..\obj\joy_driver.o
 .text          0x00000000        0x0 ..\obj\SerialTask.o
 .data          0x00000000        0x0 ..\obj\SerialTask.o
 .bss           0x00000000        0x0 ..\obj\SerialTask.o
 .text          0x00000000        0x0 ..\obj\task.o
 .data          0x00000000        0x0 ..\obj\task.o
 .text.DeleteTaskPri
                0x00000000       0xa0 ..\obj\task.o
 .text.CoSetPriority
                0x00000000      0x1d0 ..\obj\task.o
 .text.CoDelTask
                0x00000000      0x120 ..\obj\task.o
 .text.CoExitTask
                0x00000000       0x18 ..\obj\task.o
 .text.CoGetCurTaskID
                0x00000000       0x18 ..\obj\task.o
 .text.CoSuspendTask
                0x00000000       0x9c ..\obj\task.o
 .text.CoAwakeTask
                0x00000000       0xa0 ..\obj\task.o
 .text          0x00000000        0x0 ..\obj\startup_stm32f4xx.o
 .data          0x00000000        0x0 ..\obj\startup_stm32f4xx.o
 .bss           0x00000000        0x0 ..\obj\startup_stm32f4xx.o
 .text          0x00000000        0x0 ..\obj\serviceReq.o
 .data          0x00000000        0x0 ..\obj\serviceReq.o
 .text          0x00000000        0x0 ..\obj\analogJoy_driver.o
 .data          0x00000000        0x0 ..\obj\analogJoy_driver.o
 .bss           0x00000000        0x0 ..\obj\analogJoy_driver.o
 .text          0x00000000        0x0 ..\obj\main.o
 .data          0x00000000        0x0 ..\obj\main.o
 .bss           0x00000000        0x0 ..\obj\main.o
 .text          0x00000000        0x0 ..\obj\stm32f4xx_rcc.o
 .bss           0x00000000        0x0 ..\obj\stm32f4xx_rcc.o
 .text.RCC_DeInit
                0x00000000       0x50 ..\obj\stm32f4xx_rcc.o
 .text.RCC_HSEConfig
                0x00000000       0x24 ..\obj\stm32f4xx_rcc.o
 .text.RCC_WaitForHSEStartUp
                0x00000000       0x50 ..\obj\stm32f4xx_rcc.o
 .text.RCC_AdjustHSICalibrationValue
                0x00000000       0x3c ..\obj\stm32f4xx_rcc.o
 .text.RCC_HSICmd
                0x00000000       0x20 ..\obj\stm32f4xx_rcc.o
 .text.RCC_LSEConfig
                0x00000000       0x40 ..\obj\stm32f4xx_rcc.o
 .text.RCC_LSICmd
                0x00000000       0x20 ..\obj\stm32f4xx_rcc.o
 .text.RCC_PLLConfig
                0x00000000       0x3c ..\obj\stm32f4xx_rcc.o
 .text.RCC_PLLCmd
                0x00000000       0x20 ..\obj\stm32f4xx_rcc.o
 .text.RCC_PLLI2SConfig
                0x00000000       0x28 ..\obj\stm32f4xx_rcc.o
 .text.RCC_PLLI2SCmd
                0x00000000       0x20 ..\obj\stm32f4xx_rcc.o
 .text.RCC_ClockSecuritySystemCmd
                0x00000000       0x20 ..\obj\stm32f4xx_rcc.o
 .text.RCC_MCO1Config
                0x00000000       0x3c ..\obj\stm32f4xx_rcc.o
 .text.RCC_MCO2Config
                0x00000000       0x3c ..\obj\stm32f4xx_rcc.o
 .text.RCC_SYSCLKConfig
                0x00000000       0x38 ..\obj\stm32f4xx_rcc.o
 .text.RCC_GetSYSCLKSource
                0x00000000       0x20 ..\obj\stm32f4xx_rcc.o
 .text.RCC_HCLKConfig
                0x00000000       0x38 ..\obj\stm32f4xx_rcc.o
 .text.RCC_PCLK1Config
                0x00000000       0x38 ..\obj\stm32f4xx_rcc.o
 .text.RCC_PCLK2Config
                0x00000000       0x38 ..\obj\stm32f4xx_rcc.o
 .text.RCC_RTCCLKConfig
                0x00000000       0x5c ..\obj\stm32f4xx_rcc.o
 .text.RCC_RTCCLKCmd
                0x00000000       0x20 ..\obj\stm32f4xx_rcc.o
 .text.RCC_BackupResetCmd
                0x00000000       0x20 ..\obj\stm32f4xx_rcc.o
 .text.RCC_I2SCLKConfig
                0x00000000       0x1c ..\obj\stm32f4xx_rcc.o
 .text.RCC_AHB2PeriphClockCmd
                0x00000000       0x3c ..\obj\stm32f4xx_rcc.o
 .text.RCC_AHB3PeriphClockCmd
                0x00000000       0x3c ..\obj\stm32f4xx_rcc.o
 .text.RCC_AHB1PeriphResetCmd
                0x00000000       0x3c ..\obj\stm32f4xx_rcc.o
 .text.RCC_AHB2PeriphResetCmd
                0x00000000       0x3c ..\obj\stm32f4xx_rcc.o
 .text.RCC_AHB3PeriphResetCmd
                0x00000000       0x3c ..\obj\stm32f4xx_rcc.o
 .text.RCC_APB1PeriphResetCmd
                0x00000000       0x3c ..\obj\stm32f4xx_rcc.o
 .text.RCC_APB2PeriphResetCmd
                0x00000000       0x3c ..\obj\stm32f4xx_rcc.o
 .text.RCC_AHB1PeriphClockLPModeCmd
                0x00000000       0x3c ..\obj\stm32f4xx_rcc.o
 .text.RCC_AHB2PeriphClockLPModeCmd
                0x00000000       0x3c ..\obj\stm32f4xx_rcc.o
 .text.RCC_AHB3PeriphClockLPModeCmd
                0x00000000       0x3c ..\obj\stm32f4xx_rcc.o
 .text.RCC_APB1PeriphClockLPModeCmd
                0x00000000       0x3c ..\obj\stm32f4xx_rcc.o
 .text.RCC_APB2PeriphClockLPModeCmd
                0x00000000       0x3c ..\obj\stm32f4xx_rcc.o
 .text.RCC_ITConfig
                0x00000000       0x4c ..\obj\stm32f4xx_rcc.o
 .text.RCC_GetFlagStatus
                0x00000000       0x74 ..\obj\stm32f4xx_rcc.o
 .text.RCC_ClearFlag
                0x00000000       0x1c ..\obj\stm32f4xx_rcc.o
 .text.RCC_GetITStatus
                0x00000000       0x38 ..\obj\stm32f4xx_rcc.o
 .text.RCC_ClearITPendingBit
                0x00000000       0x20 ..\obj\stm32f4xx_rcc.o
 .text          0x00000000        0x0 ..\obj\motor_driver.o
 .data          0x00000000        0x0 ..\obj\motor_driver.o
 .bss           0x00000000        0x0 ..\obj\motor_driver.o
 .text          0x00000000        0x0 ..\obj\stm32f4xx_adc.o
 .data          0x00000000        0x0 ..\obj\stm32f4xx_adc.o
 .bss           0x00000000        0x0 ..\obj\stm32f4xx_adc.o
 .text.ADC_DeInit
                0x00000000       0x1c ..\obj\stm32f4xx_adc.o
 .text.ADC_StructInit
                0x00000000       0x3c ..\obj\stm32f4xx_adc.o
 .text.ADC_CommonStructInit
                0x00000000       0x2c ..\obj\stm32f4xx_adc.o
 .text.ADC_AnalogWatchdogCmd
                0x00000000       0x38 ..\obj\stm32f4xx_adc.o
 .text.ADC_AnalogWatchdogThresholdsConfig
                0x00000000       0x28 ..\obj\stm32f4xx_adc.o
 .text.ADC_AnalogWatchdogSingleChannelConfig
                0x00000000       0x38 ..\obj\stm32f4xx_adc.o
 .text.ADC_TempSensorVrefintCmd
                0x00000000       0x38 ..\obj\stm32f4xx_adc.o
 .text.ADC_VBATCmd
                0x00000000       0x38 ..\obj\stm32f4xx_adc.o
 .text.ADC_GetSoftwareStartConvStatus
                0x00000000       0x30 ..\obj\stm32f4xx_adc.o
 .text.ADC_EOCOnEachRegularChannelCmd
                0x00000000       0x38 ..\obj\stm32f4xx_adc.o
 .text.ADC_ContinuousModeCmd
                0x00000000       0x38 ..\obj\stm32f4xx_adc.o
 .text.ADC_DiscModeChannelCountConfig
                0x00000000       0x44 ..\obj\stm32f4xx_adc.o
 .text.ADC_DiscModeCmd
                0x00000000       0x38 ..\obj\stm32f4xx_adc.o
 .text.ADC_GetConversionValue
                0x00000000       0x1c ..\obj\stm32f4xx_adc.o
 .text.ADC_GetMultiModeConversionValue
                0x00000000       0x18 ..\obj\stm32f4xx_adc.o
 .text.ADC_MultiModeDMARequestAfterLastTransferCmd
                0x00000000       0x38 ..\obj\stm32f4xx_adc.o
 .text.ADC_InjectedChannelConfig
                0x00000000      0x120 ..\obj\stm32f4xx_adc.o
 .text.ADC_InjectedSequencerLengthConfig
                0x00000000       0x44 ..\obj\stm32f4xx_adc.o
 .text.ADC_SetInjectedOffset
                0x00000000       0x34 ..\obj\stm32f4xx_adc.o
 .text.ADC_ExternalTrigInjectedConvConfig
                0x00000000       0x34 ..\obj\stm32f4xx_adc.o
 .text.ADC_ExternalTrigInjectedConvEdgeConfig
                0x00000000       0x34 ..\obj\stm32f4xx_adc.o
 .text.ADC_SoftwareStartInjectedConv
                0x00000000       0x20 ..\obj\stm32f4xx_adc.o
 .text.ADC_GetSoftwareStartInjectedConvCmdStatus
                0x00000000       0x30 ..\obj\stm32f4xx_adc.o
 .text.ADC_AutoInjectedConvCmd
                0x00000000       0x38 ..\obj\stm32f4xx_adc.o
 .text.ADC_InjectedDiscModeCmd
                0x00000000       0x38 ..\obj\stm32f4xx_adc.o
 .text.ADC_GetInjectedConversionValue
                0x00000000       0x30 ..\obj\stm32f4xx_adc.o
 .text.ADC_ITConfig
                0x00000000       0x50 ..\obj\stm32f4xx_adc.o
 .text.ADC_GetFlagStatus
                0x00000000       0x34 ..\obj\stm32f4xx_adc.o
 .text.ADC_ClearFlag
                0x00000000       0x20 ..\obj\stm32f4xx_adc.o
 .text.ADC_GetITStatus
                0x00000000       0x5c ..\obj\stm32f4xx_adc.o
 .text.ADC_ClearITPendingBit
                0x00000000       0x2c ..\obj\stm32f4xx_adc.o
 .text          0x00000000        0x0 ..\obj\printf.o
 .bss           0x00000000        0x0 ..\obj\printf.o
 .text.snprintf
                0x00000000       0x30 ..\obj\printf.o
 .text.fprintf  0x00000000       0x2c ..\obj\printf.o
 .text.sprintf  0x00000000       0x2c ..\obj\printf.o
 .text.puts     0x00000000       0x24 ..\obj\printf.o
 .text          0x00000000        0x0 ..\obj\mbox.o
 .data          0x00000000        0x0 ..\obj\mbox.o
 .bss           0x00000000        0x0 ..\obj\mbox.o
 .text.CoCreateMbox
                0x00000000       0x34 ..\obj\mbox.o
 .text.CoDelMbox
                0x00000000       0x50 ..\obj\mbox.o
 .text.CoAcceptMail
                0x00000000       0x90 ..\obj\mbox.o
 .text.CoPendMail
                0x00000000      0x12c ..\obj\mbox.o
 .text.isr_PostMail
                0x00000000       0x48 ..\obj\mbox.o
 .text          0x00000000        0x0 ..\obj\mm.o
 .data          0x00000000        0x0 ..\obj\mm.o
 .bss           0x00000000       0x24 ..\obj\mm.o
 .text.CoCreateMemPartition
                0x00000000      0x110 ..\obj\mm.o
 .text.CoDelMemoryPartition
                0x00000000       0x8c ..\obj\mm.o
 .text.CoGetFreeBlockNum
                0x00000000       0x90 ..\obj\mm.o
 .text.CoGetMemoryBuffer
                0x00000000       0x7c ..\obj\mm.o
 .text.CoFreeMemoryBuffer
                0x00000000       0xc4 ..\obj\mm.o
 .debug_info    0x00000000      0x302 ..\obj\mm.o
 .debug_abbrev  0x00000000      0x103 ..\obj\mm.o
 .debug_aranges
                0x00000000       0x40 ..\obj\mm.o
 .debug_ranges  0x00000000       0x30 ..\obj\mm.o
 .debug_line    0x00000000      0x151 ..\obj\mm.o
 .debug_str     0x00000000      0x264 ..\obj\mm.o
 .comment       0x00000000       0x71 ..\obj\mm.o
 .debug_frame   0x00000000       0xc4 ..\obj\mm.o
 .ARM.attributes
                0x00000000       0x37 ..\obj\mm.o
 .text          0x00000000        0x0 ..\obj\stm32f4xx_fsmc.o
 .data          0x00000000        0x0 ..\obj\stm32f4xx_fsmc.o
 .bss           0x00000000        0x0 ..\obj\stm32f4xx_fsmc.o
 .text.FSMC_NORSRAMDeInit
                0x00000000       0x58 ..\obj\stm32f4xx_fsmc.o
 .text.FSMC_NORSRAMInit
                0x00000000      0x134 ..\obj\stm32f4xx_fsmc.o
 .text.FSMC_NORSRAMStructInit
                0x00000000       0xd4 ..\obj\stm32f4xx_fsmc.o
 .text.FSMC_NORSRAMCmd
                0x00000000       0x54 ..\obj\stm32f4xx_fsmc.o
 .text.FSMC_NANDDeInit
                0x00000000       0x5c ..\obj\stm32f4xx_fsmc.o
 .text.FSMC_NANDInit
                0x00000000       0xcc ..\obj\stm32f4xx_fsmc.o
 .text.FSMC_NANDStructInit
                0x00000000       0x7c ..\obj\stm32f4xx_fsmc.o
 .text.FSMC_NANDCmd
                0x00000000       0x6c ..\obj\stm32f4xx_fsmc.o
 .text.FSMC_NANDECCCmd
                0x00000000       0x6c ..\obj\stm32f4xx_fsmc.o
 .text.FSMC_GetECC
                0x00000000       0x38 ..\obj\stm32f4xx_fsmc.o
 .text.FSMC_PCCARDDeInit
                0x00000000       0x34 ..\obj\stm32f4xx_fsmc.o
 .text.FSMC_PCCARDInit
                0x00000000       0xac ..\obj\stm32f4xx_fsmc.o
 .text.FSMC_PCCARDStructInit
                0x00000000       0x84 ..\obj\stm32f4xx_fsmc.o
 .text.FSMC_PCCARDCmd
                0x00000000       0x3c ..\obj\stm32f4xx_fsmc.o
 .text.FSMC_ITConfig
                0x00000000       0xa0 ..\obj\stm32f4xx_fsmc.o
 .text.FSMC_GetFlagStatus
                0x00000000       0x64 ..\obj\stm32f4xx_fsmc.o
 .text.FSMC_ClearFlag
                0x00000000       0x5c ..\obj\stm32f4xx_fsmc.o
 .text.FSMC_GetITStatus
                0x00000000       0x80 ..\obj\stm32f4xx_fsmc.o
 .text.FSMC_ClearITPendingBit
                0x00000000       0x64 ..\obj\stm32f4xx_fsmc.o
 .debug_info    0x00000000      0x8f5 ..\obj\stm32f4xx_fsmc.o
 .debug_abbrev  0x00000000      0x170 ..\obj\stm32f4xx_fsmc.o
 .debug_aranges
                0x00000000       0xb0 ..\obj\stm32f4xx_fsmc.o
 .debug_ranges  0x00000000       0xa0 ..\obj\stm32f4xx_fsmc.o
 .debug_line    0x00000000      0x474 ..\obj\stm32f4xx_fsmc.o
 .debug_str     0x00000000      0x7b2 ..\obj\stm32f4xx_fsmc.o
 .comment       0x00000000       0x71 ..\obj\stm32f4xx_fsmc.o
 .debug_frame   0x00000000      0x300 ..\obj\stm32f4xx_fsmc.o
 .ARM.attributes
                0x00000000       0x37 ..\obj\stm32f4xx_fsmc.o
 .text          0x00000000        0x0 ..\obj\LedTask.o
 .data          0x00000000        0x0 ..\obj\LedTask.o
 .bss           0x00000000        0x0 ..\obj\LedTask.o
 .text          0x00000000        0x0 ..\obj\time.o
 .data          0x00000000        0x0 ..\obj\time.o
 .text.CoGetOSTime
                0x00000000       0x1c ..\obj\time.o
 .text.CoResetTaskDelayTick
                0x00000000       0x80 ..\obj\time.o
 .text          0x00000000        0x0 ..\obj\JoyTmr.o
 .data          0x00000000        0x0 ..\obj\JoyTmr.o
 .bss           0x00000000        0x0 ..\obj\JoyTmr.o
 .text          0x00000000        0x0 ..\obj\event.o
 .data          0x00000000        0x0 ..\obj\event.o
 .text.ReleaseECB
                0x00000000       0x44 ..\obj\event.o
 .text.DeleteEvent
                0x00000000       0x8c ..\obj\event.o
 .text          0x00000000        0x0 ..\obj\stm32f4xx_gpio.o
 .data          0x00000000        0x0 ..\obj\stm32f4xx_gpio.o
 .bss           0x00000000        0x0 ..\obj\stm32f4xx_gpio.o
 .text.GPIO_DeInit
                0x00000000      0x120 ..\obj\stm32f4xx_gpio.o
 .text.GPIO_StructInit
                0x00000000       0x34 ..\obj\stm32f4xx_gpio.o
 .text.GPIO_PinLockConfig
                0x00000000       0x44 ..\obj\stm32f4xx_gpio.o
 .text.GPIO_ReadInputData
                0x00000000       0x1c ..\obj\stm32f4xx_gpio.o
 .text.GPIO_ReadOutputDataBit
                0x00000000       0x34 ..\obj\stm32f4xx_gpio.o
 .text.GPIO_ReadOutputData
                0x00000000       0x1c ..\obj\stm32f4xx_gpio.o
 .text.GPIO_WriteBit
                0x00000000       0x30 ..\obj\stm32f4xx_gpio.o
 .text.GPIO_Write
                0x00000000       0x1c ..\obj\stm32f4xx_gpio.o
 .text          0x00000000        0x0 ..\obj\stm32f4xx_flash.o
 .data          0x00000000        0x0 ..\obj\stm32f4xx_flash.o
 .bss           0x00000000        0x0 ..\obj\stm32f4xx_flash.o
 .text.FLASH_SetLatency
                0x00000000       0x20 ..\obj\stm32f4xx_flash.o
 .text.FLASH_PrefetchBufferCmd
                0x00000000       0x38 ..\obj\stm32f4xx_flash.o
 .text.FLASH_InstructionCacheCmd
                0x00000000       0x38 ..\obj\stm32f4xx_flash.o
 .text.FLASH_DataCacheCmd
                0x00000000       0x38 ..\obj\stm32f4xx_flash.o
 .text.FLASH_InstructionCacheReset
                0x00000000       0x1c ..\obj\stm32f4xx_flash.o
 .text.FLASH_DataCacheReset
                0x00000000       0x1c ..\obj\stm32f4xx_flash.o
 .text.FLASH_Unlock
                0x00000000       0x2c ..\obj\stm32f4xx_flash.o
 .text.FLASH_Lock
                0x00000000       0x1c ..\obj\stm32f4xx_flash.o
 .text.FLASH_EraseSector
                0x00000000       0xc0 ..\obj\stm32f4xx_flash.o
 .text.FLASH_EraseAllSectors
                0x00000000       0xa0 ..\obj\stm32f4xx_flash.o
 .text.FLASH_ProgramDoubleWord
                0x00000000       0x70 ..\obj\stm32f4xx_flash.o
 .text.FLASH_ProgramWord
                0x00000000       0x68 ..\obj\stm32f4xx_flash.o
 .text.FLASH_ProgramHalfWord
                0x00000000       0x6c ..\obj\stm32f4xx_flash.o
 .text.FLASH_ProgramByte
                0x00000000       0x68 ..\obj\stm32f4xx_flash.o
 .text.FLASH_OB_Unlock
                0x00000000       0x30 ..\obj\stm32f4xx_flash.o
 .text.FLASH_OB_Lock
                0x00000000       0x1c ..\obj\stm32f4xx_flash.o
 .text.FLASH_OB_WRPConfig
                0x00000000       0x58 ..\obj\stm32f4xx_flash.o
 .text.FLASH_OB_RDPConfig
                0x00000000       0x2c ..\obj\stm32f4xx_flash.o
 .text.FLASH_OB_UserConfig
                0x00000000       0x58 ..\obj\stm32f4xx_flash.o
 .text.FLASH_OB_BORConfig
                0x00000000       0x38 ..\obj\stm32f4xx_flash.o
 .text.FLASH_OB_Launch
                0x00000000       0x30 ..\obj\stm32f4xx_flash.o
 .text.FLASH_OB_GetUser
                0x00000000       0x1c ..\obj\stm32f4xx_flash.o
 .text.FLASH_OB_GetWRP
                0x00000000       0x18 ..\obj\stm32f4xx_flash.o
 .text.FLASH_OB_GetRDP
                0x00000000       0x30 ..\obj\stm32f4xx_flash.o
 .text.FLASH_OB_GetBOR
                0x00000000       0x20 ..\obj\stm32f4xx_flash.o
 .text.FLASH_ITConfig
                0x00000000       0x3c ..\obj\stm32f4xx_flash.o
 .text.FLASH_GetFlagStatus
                0x00000000       0x34 ..\obj\stm32f4xx_flash.o
 .text.FLASH_ClearFlag
                0x00000000       0x1c ..\obj\stm32f4xx_flash.o
 .text.FLASH_GetStatus
                0x00000000       0x68 ..\obj\stm32f4xx_flash.o
 .text.FLASH_WaitForLastOperation
                0x00000000       0x30 ..\obj\stm32f4xx_flash.o
 .debug_info    0x00000000      0x71b ..\obj\stm32f4xx_flash.o
 .debug_abbrev  0x00000000      0x1ae ..\obj\stm32f4xx_flash.o
 .debug_aranges
                0x00000000      0x108 ..\obj\stm32f4xx_flash.o
 .debug_ranges  0x00000000       0xf8 ..\obj\stm32f4xx_flash.o
 .debug_line    0x00000000      0x4a7 ..\obj\stm32f4xx_flash.o
 .debug_str     0x00000000      0x5ba ..\obj\stm32f4xx_flash.o
 .comment       0x00000000       0x71 ..\obj\stm32f4xx_flash.o
 .debug_frame   0x00000000      0x44c ..\obj\stm32f4xx_flash.o
 .ARM.attributes
                0x00000000       0x37 ..\obj\stm32f4xx_flash.o
 .text          0x00000000        0x0 ..\obj\servo_driver.o
 .data          0x00000000        0x0 ..\obj\servo_driver.o
 .bss           0x00000000        0x0 ..\obj\servo_driver.o
 .text          0x00000000        0x0 ..\obj\system_stm32f4xx.o
 .data          0x00000000       0x14 ..\obj\system_stm32f4xx.o
 .bss           0x00000000        0x0 ..\obj\system_stm32f4xx.o
 .text.SystemCoreClockUpdate
                0x00000000       0xf8 ..\obj\system_stm32f4xx.o
 .text          0x00000000        0x0 ..\obj\syscalls.o
 .data          0x00000000        0x0 ..\obj\syscalls.o
 .bss           0x00000000        0x4 ..\obj\syscalls.o
 .text._sbrk    0x00000000       0x40 ..\obj\syscalls.o
 .text.link     0x00000000       0x1c ..\obj\syscalls.o
 .text._close   0x00000000       0x18 ..\obj\syscalls.o
 .text._fstat   0x00000000       0x20 ..\obj\syscalls.o
 .text._isatty  0x00000000       0x18 ..\obj\syscalls.o
 .text._lseek   0x00000000       0x1c ..\obj\syscalls.o
 .text._read    0x00000000       0x1c ..\obj\syscalls.o
 .text._write   0x00000000       0x1c ..\obj\syscalls.o
 .text.abort    0x00000000        0x8 ..\obj\syscalls.o
 .debug_info    0x00000000      0x3ee ..\obj\syscalls.o
 .debug_abbrev  0x00000000       0xe2 ..\obj\syscalls.o
 .debug_aranges
                0x00000000       0x60 ..\obj\syscalls.o
 .debug_ranges  0x00000000       0x50 ..\obj\syscalls.o
 .debug_line    0x00000000      0x176 ..\obj\syscalls.o
 .debug_str     0x00000000      0x300 ..\obj\syscalls.o
 .comment       0x00000000       0x71 ..\obj\syscalls.o
 .debug_frame   0x00000000      0x168 ..\obj\syscalls.o
 .ARM.attributes
                0x00000000       0x37 ..\obj\syscalls.o
 .text          0x00000000        0x0 ..\obj\stm32f4xx_dma.o
 .data          0x00000000        0x0 ..\obj\stm32f4xx_dma.o
 .bss           0x00000000        0x0 ..\obj\stm32f4xx_dma.o
 .text.DMA_DeInit
                0x00000000      0x1a4 ..\obj\stm32f4xx_dma.o
 .text.DMA_StructInit
                0x00000000       0x6c ..\obj\stm32f4xx_dma.o
 .text.DMA_PeriphIncOffsetSizeConfig
                0x00000000       0x34 ..\obj\stm32f4xx_dma.o
 .text.DMA_FlowControllerConfig
                0x00000000       0x34 ..\obj\stm32f4xx_dma.o
 .text.DMA_SetCurrDataCounter
                0x00000000       0x1c ..\obj\stm32f4xx_dma.o
 .text.DMA_GetCurrDataCounter
                0x00000000       0x1c ..\obj\stm32f4xx_dma.o
 .text.DMA_DoubleBufferModeConfig
                0x00000000       0x3c ..\obj\stm32f4xx_dma.o
 .text.DMA_DoubleBufferModeCmd
                0x00000000       0x38 ..\obj\stm32f4xx_dma.o
 .text.DMA_MemoryTargetConfig
                0x00000000       0x2c ..\obj\stm32f4xx_dma.o
 .text.DMA_GetCurrentMemoryTarget
                0x00000000       0x30 ..\obj\stm32f4xx_dma.o
 .text.DMA_GetCmdStatus
                0x00000000       0x30 ..\obj\stm32f4xx_dma.o
 .text.DMA_GetFIFOStatus
                0x00000000       0x24 ..\obj\stm32f4xx_dma.o
 .text.DMA_GetFlagStatus
                0x00000000       0x78 ..\obj\stm32f4xx_dma.o
 .text.DMA_ClearFlag
                0x00000000       0x5c ..\obj\stm32f4xx_dma.o
 .text.DMA_ITConfig
                0x00000000       0x74 ..\obj\stm32f4xx_dma.o
 .text.DMA_GetITStatus
                0x00000000       0xb0 ..\obj\stm32f4xx_dma.o
 .text.DMA_ClearITPendingBit
                0x00000000       0x5c ..\obj\stm32f4xx_dma.o
 .text          0x00000000        0x0 ..\obj\queue.o
 .data          0x00000000        0x0 ..\obj\queue.o
 .text.CoDelQueue
                0x00000000       0x9c ..\obj\queue.o
 .text.CoAcceptQueueMail
                0x00000000       0xc0 ..\obj\queue.o
 .text          0x00000000        0x0 ..\obj\port.o
 .bss           0x00000000        0x0 ..\obj\port.o
 .text          0x00000000        0x0 ..\obj\mutex.o
 .data          0x00000000        0x0 ..\obj\mutex.o
 .bss           0x00000000       0x54 ..\obj\mutex.o
 .text.CoCreateMutex
                0x00000000       0x74 ..\obj\mutex.o
 .text.CoEnterMutexSection
                0x00000000      0x18c ..\obj\mutex.o
 .text.CoLeaveMutexSection
                0x00000000      0x14c ..\obj\mutex.o
 .text.RemoveMutexList
                0x00000000       0xf0 ..\obj\mutex.o
 .debug_info    0x00000000      0x475 ..\obj\mutex.o
 .debug_abbrev  0x00000000      0x15f ..\obj\mutex.o
 .debug_aranges
                0x00000000       0x38 ..\obj\mutex.o
 .debug_ranges  0x00000000       0x28 ..\obj\mutex.o
 .debug_line    0x00000000      0x15d ..\obj\mutex.o
 .debug_str     0x00000000      0x35f ..\obj\mutex.o
 .comment       0x00000000       0x71 ..\obj\mutex.o
 .debug_frame   0x00000000       0xa0 ..\obj\mutex.o
 .ARM.attributes
                0x00000000       0x37 ..\obj\mutex.o
 .text          0x00000000        0x0 ..\obj\flag.o
 .data          0x00000000        0x0 ..\obj\flag.o
 .text.CoDelFlag
                0x00000000      0x118 ..\obj\flag.o
 .text.CoAcceptSingleFlag
                0x00000000       0x84 ..\obj\flag.o
 .text.CoAcceptMultipleFlags
                0x00000000       0xbc ..\obj\flag.o
 .text.CoWaitForMultipleFlags
                0x00000000      0x1c0 ..\obj\flag.o
 .text.CoClearFlag
                0x00000000       0x54 ..\obj\flag.o
 .text.isr_SetFlag
                0x00000000       0x44 ..\obj\flag.o
 .text          0x00000000        0x0 ..\obj\arch.o
 .data          0x00000000        0x0 ..\obj\arch.o
 .text          0x00000000        0x0 ..\obj\misc.o
 .data          0x00000000        0x0 ..\obj\misc.o
 .bss           0x00000000        0x0 ..\obj\misc.o
 .text.NVIC_PriorityGroupConfig
                0x00000000       0x24 ..\obj\misc.o
 .text.NVIC_SetVectorTable
                0x00000000       0x2c ..\obj\misc.o
 .text.NVIC_SystemLPConfig
                0x00000000       0x40 ..\obj\misc.o
 .text.SysTick_CLKSourceConfig
                0x00000000       0x38 ..\obj\misc.o
 .text          0x00000000        0x0 ..\obj\sem.o
 .data          0x00000000        0x0 ..\obj\sem.o
 .bss           0x00000000        0x0 ..\obj\sem.o
 .text.CoDelSem
                0x00000000       0x50 ..\obj\sem.o
 .text.CoAcceptSem
                0x00000000       0x70 ..\obj\sem.o
 .text          0x00000000        0x0 ..\obj\hook.o
 .data          0x00000000        0x0 ..\obj\hook.o
 .bss           0x00000000        0x0 ..\obj\hook.o
 .text          0x00000000        0x0 ..\obj\stm32f4xx_tim.o
 .data          0x00000000        0x0 ..\obj\stm32f4xx_tim.o
 .bss           0x00000000        0x0 ..\obj\stm32f4xx_tim.o
 .text.TIM_DeInit
                0x00000000      0x1bc ..\obj\stm32f4xx_tim.o
 .text.TIM_TimeBaseStructInit
                0x00000000       0x34 ..\obj\stm32f4xx_tim.o
 .text.TIM_PrescalerConfig
                0x00000000       0x28 ..\obj\stm32f4xx_tim.o
 .text.TIM_CounterModeConfig
                0x00000000       0x38 ..\obj\stm32f4xx_tim.o
 .text.TIM_SetCounter
                0x00000000       0x1c ..\obj\stm32f4xx_tim.o
 .text.TIM_SetAutoreload
                0x00000000       0x1c ..\obj\stm32f4xx_tim.o
 .text.TIM_GetCounter
                0x00000000       0x18 ..\obj\stm32f4xx_tim.o
 .text.TIM_GetPrescaler
                0x00000000       0x1c ..\obj\stm32f4xx_tim.o
 .text.TIM_UpdateDisableConfig
                0x00000000       0x40 ..\obj\stm32f4xx_tim.o
 .text.TIM_UpdateRequestConfig
                0x00000000       0x40 ..\obj\stm32f4xx_tim.o
 .text.TIM_ARRPreloadConfig
                0x00000000       0x40 ..\obj\stm32f4xx_tim.o
 .text.TIM_SelectOnePulseMode
                0x00000000       0x38 ..\obj\stm32f4xx_tim.o
 .text.TIM_SetClockDivision
                0x00000000       0x38 ..\obj\stm32f4xx_tim.o
 .text.TIM_OC2Init
                0x00000000      0x110 ..\obj\stm32f4xx_tim.o
 .text.TIM_OC3Init
                0x00000000      0x10c ..\obj\stm32f4xx_tim.o
 .text.TIM_OC4Init
                0x00000000       0xcc ..\obj\stm32f4xx_tim.o
 .text.TIM_OCStructInit
                0x00000000       0x44 ..\obj\stm32f4xx_tim.o
 .text.TIM_SelectOCxM
                0x00000000       0xb0 ..\obj\stm32f4xx_tim.o
 .text.TIM_SetCompare2
                0x00000000       0x1c ..\obj\stm32f4xx_tim.o
 .text.TIM_SetCompare3
                0x00000000       0x1c ..\obj\stm32f4xx_tim.o
 .text.TIM_SetCompare4
                0x00000000       0x1c ..\obj\stm32f4xx_tim.o
 .text.TIM_ForcedOC1Config
                0x00000000       0x38 ..\obj\stm32f4xx_tim.o
 .text.TIM_ForcedOC2Config
                0x00000000       0x3c ..\obj\stm32f4xx_tim.o
 .text.TIM_ForcedOC3Config
                0x00000000       0x38 ..\obj\stm32f4xx_tim.o
 .text.TIM_ForcedOC4Config
                0x00000000       0x3c ..\obj\stm32f4xx_tim.o
 .text.TIM_OC1PreloadConfig
                0x00000000       0x38 ..\obj\stm32f4xx_tim.o
 .text.TIM_OC2PreloadConfig
                0x00000000       0x3c ..\obj\stm32f4xx_tim.o
 .text.TIM_OC3PreloadConfig
                0x00000000       0x38 ..\obj\stm32f4xx_tim.o
 .text.TIM_OC4PreloadConfig
                0x00000000       0x3c ..\obj\stm32f4xx_tim.o
 .text.TIM_OC1FastConfig
                0x00000000       0x38 ..\obj\stm32f4xx_tim.o
 .text.TIM_OC2FastConfig
                0x00000000       0x3c ..\obj\stm32f4xx_tim.o
 .text.TIM_OC3FastConfig
                0x00000000       0x38 ..\obj\stm32f4xx_tim.o
 .text.TIM_OC4FastConfig
                0x00000000       0x3c ..\obj\stm32f4xx_tim.o
 .text.TIM_ClearOC1Ref
                0x00000000       0x38 ..\obj\stm32f4xx_tim.o
 .text.TIM_ClearOC2Ref
                0x00000000       0x3c ..\obj\stm32f4xx_tim.o
 .text.TIM_ClearOC3Ref
                0x00000000       0x38 ..\obj\stm32f4xx_tim.o
 .text.TIM_ClearOC4Ref
                0x00000000       0x3c ..\obj\stm32f4xx_tim.o
 .text.TIM_OC1PolarityConfig
                0x00000000       0x38 ..\obj\stm32f4xx_tim.o
 .text.TIM_OC1NPolarityConfig
                0x00000000       0x38 ..\obj\stm32f4xx_tim.o
 .text.TIM_OC2PolarityConfig
                0x00000000       0x3c ..\obj\stm32f4xx_tim.o
 .text.TIM_OC2NPolarityConfig
                0x00000000       0x3c ..\obj\stm32f4xx_tim.o
 .text.TIM_OC3PolarityConfig
                0x00000000       0x3c ..\obj\stm32f4xx_tim.o
 .text.TIM_OC3NPolarityConfig
                0x00000000       0x3c ..\obj\stm32f4xx_tim.o
 .text.TIM_OC4PolarityConfig
                0x00000000       0x3c ..\obj\stm32f4xx_tim.o
 .text.TIM_CCxCmd
                0x00000000       0x54 ..\obj\stm32f4xx_tim.o
 .text.TIM_CCxNCmd
                0x00000000       0x54 ..\obj\stm32f4xx_tim.o
 .text.TIM_ICInit
                0x00000000       0xa8 ..\obj\stm32f4xx_tim.o
 .text.TIM_ICStructInit
                0x00000000       0x30 ..\obj\stm32f4xx_tim.o
 .text.TIM_PWMIConfig
                0x00000000       0xb8 ..\obj\stm32f4xx_tim.o
 .text.TIM_GetCapture1
                0x00000000       0x18 ..\obj\stm32f4xx_tim.o
 .text.TIM_GetCapture2
                0x00000000       0x18 ..\obj\stm32f4xx_tim.o
 .text.TIM_GetCapture3
                0x00000000       0x18 ..\obj\stm32f4xx_tim.o
 .text.TIM_GetCapture4
                0x00000000       0x18 ..\obj\stm32f4xx_tim.o
 .text.TIM_SetIC1Prescaler
                0x00000000       0x38 ..\obj\stm32f4xx_tim.o
 .text.TIM_SetIC2Prescaler
                0x00000000       0x3c ..\obj\stm32f4xx_tim.o
 .text.TIM_SetIC3Prescaler
                0x00000000       0x38 ..\obj\stm32f4xx_tim.o
 .text.TIM_SetIC4Prescaler
                0x00000000       0x3c ..\obj\stm32f4xx_tim.o
 .text.TIM_BDTRConfig
                0x00000000       0x50 ..\obj\stm32f4xx_tim.o
 .text.TIM_BDTRStructInit
                0x00000000       0x3c ..\obj\stm32f4xx_tim.o
 .text.TIM_SelectCOM
                0x00000000       0x40 ..\obj\stm32f4xx_tim.o
 .text.TIM_CCPreloadControl
                0x00000000       0x40 ..\obj\stm32f4xx_tim.o
 .text.TIM_ITConfig
                0x00000000       0x48 ..\obj\stm32f4xx_tim.o
 .text.TIM_GenerateEvent
                0x00000000       0x1c ..\obj\stm32f4xx_tim.o
 .text.TIM_GetFlagStatus
                0x00000000       0x38 ..\obj\stm32f4xx_tim.o
 .text.TIM_ClearFlag
                0x00000000       0x20 ..\obj\stm32f4xx_tim.o
 .text.TIM_GetITStatus
                0x00000000       0x54 ..\obj\stm32f4xx_tim.o
 .text.TIM_ClearITPendingBit
                0x00000000       0x20 ..\obj\stm32f4xx_tim.o
 .text.TIM_DMAConfig
                0x00000000       0x28 ..\obj\stm32f4xx_tim.o
 .text.TIM_DMACmd
                0x00000000       0x48 ..\obj\stm32f4xx_tim.o
 .text.TIM_SelectCCDMA
                0x00000000       0x40 ..\obj\stm32f4xx_tim.o
 .text.TIM_InternalClockConfig
                0x00000000       0x24 ..\obj\stm32f4xx_tim.o
 .text.TIM_ITRxExternalClockConfig
                0x00000000       0x2c ..\obj\stm32f4xx_tim.o
 .text.TIM_TIxExternalClockConfig
                0x00000000       0x60 ..\obj\stm32f4xx_tim.o
 .text.TIM_ETRClockMode1Config
                0x00000000       0x5c ..\obj\stm32f4xx_tim.o
 .text.TIM_ETRClockMode2Config
                0x00000000       0x3c ..\obj\stm32f4xx_tim.o
 .text.TIM_SelectInputTrigger
                0x00000000       0x38 ..\obj\stm32f4xx_tim.o
 .text.TIM_SelectOutputTrigger
                0x00000000       0x38 ..\obj\stm32f4xx_tim.o
 .text.TIM_SelectSlaveMode
                0x00000000       0x38 ..\obj\stm32f4xx_tim.o
 .text.TIM_SelectMasterSlaveMode
                0x00000000       0x38 ..\obj\stm32f4xx_tim.o
 .text.TIM_ETRConfig
                0x00000000       0x54 ..\obj\stm32f4xx_tim.o
 .text.TIM_EncoderInterfaceConfig
                0x00000000       0x98 ..\obj\stm32f4xx_tim.o
 .text.TIM_SelectHallSensor
                0x00000000       0x40 ..\obj\stm32f4xx_tim.o
 .text.TIM_RemapConfig
                0x00000000       0x20 ..\obj\stm32f4xx_tim.o
 .text.TI1_Config
                0x00000000       0x84 ..\obj\stm32f4xx_tim.o
 .text.TI2_Config
                0x00000000       0x98 ..\obj\stm32f4xx_tim.o
 .text.TI3_Config
                0x00000000       0x90 ..\obj\stm32f4xx_tim.o
 .text.TI4_Config
                0x00000000       0x9c ..\obj\stm32f4xx_tim.o

Memory Configuration

Name             Origin             Length             Attributes
rom              0x08000000         0x00100000         xr
ram              0x20000000         0x00020000         xrw
ram1             0x10000000         0x00010000         xrw
*default*        0x00000000         0xffffffff

Linker script and memory map

                0x20020000                _eram = 0x20020000

.text           0x08000000     0x4acc
 *(.isr_vector)
 .isr_vector    0x08000000      0x188 ..\obj\startup_stm32f4xx.o
                0x08000000                g_pfnVectors
 *(.text*)
 .text.Init_Leds
                0x08000188       0x60 ..\obj\led_driver.o
                0x08000188                Init_Leds
 .text.LED_On   0x080001e8       0x7c ..\obj\led_driver.o
                0x080001e8                LED_On
 .text.LED_Off  0x08000264       0x7c ..\obj\led_driver.o
                0x08000264                LED_Off
 .text.LED_Toggle
                0x080002e0       0x7c ..\obj\led_driver.o
                0x080002e0                LED_Toggle
 .text.CoCreateKheap
                0x0800035c       0x44 ..\obj\kernelHeap.o
                0x0800035c                CoCreateKheap
 .text.CoEnterISR
                0x080003a0       0x10 ..\obj\core.o
                0x080003a0                CoEnterISR
 .text.CoExitISR
                0x080003b0       0x4c ..\obj\core.o
                0x080003b0                CoExitISR
 .text.OsSchedUnlock
                0x080003fc       0x4c ..\obj\core.o
                0x080003fc                OsSchedUnlock
 .text.CoInitOS
                0x08000448       0x7c ..\obj\core.o
                0x08000448                CoInitOS
 .text.CoStartOS
                0x080004c4       0x38 ..\obj\core.o
                0x080004c4                CoStartOS
 .text.InsertTmrList
                0x080004fc      0x1d0 ..\obj\timer.o
 .text.RemoveTmrList
                0x080006cc       0xd4 ..\obj\timer.o
 .text.CoCreateTmr
                0x080007a0      0x12c ..\obj\timer.o
                0x080007a0                CoCreateTmr
 .text.CoStartTmr
                0x080008cc       0x70 ..\obj\timer.o
                0x080008cc                CoStartTmr
 .text.TmrDispose
                0x0800093c       0x78 ..\obj\timer.o
                0x0800093c                TmrDispose
 .text.isr_TmrDispose
                0x080009b4       0x30 ..\obj\timer.o
                0x080009b4                isr_TmrDispose
 .text.USART_Init
                0x080009e4      0x178 ..\obj\stm32f4xx_usart.o
                0x080009e4                USART_Init
 .text.USART_Cmd
                0x08000b5c       0x40 ..\obj\stm32f4xx_usart.o
                0x08000b5c                USART_Cmd
 .text.USART_SendData
                0x08000b9c       0x24 ..\obj\stm32f4xx_usart.o
                0x08000b9c                USART_SendData
 .text.USART_ReceiveData
                0x08000bc0       0x20 ..\obj\stm32f4xx_usart.o
                0x08000bc0                USART_ReceiveData
 .text.USART_ITConfig
                0x08000be0       0x90 ..\obj\stm32f4xx_usart.o
                0x08000be0                USART_ITConfig
 .text.USART_GetITStatus
                0x08000c70       0xb8 ..\obj\stm32f4xx_usart.o
                0x08000c70                USART_GetITStatus
 .text.USART_ClearITPendingBit
                0x08000d28       0x38 ..\obj\stm32f4xx_usart.o
                0x08000d28                USART_ClearITPendingBit
 .text.Init_Joy
                0x08000d60       0x30 ..\obj\joy_driver.o
                0x08000d60                Init_Joy
 .text.Read_Joy
                0x08000d90       0x74 ..\obj\joy_driver.o
                0x08000d90                Read_Joy
 .text.SerialSendByte
                0x08000e04       0x30 ..\obj\SerialTask.o
                0x08000e04                SerialSendByte
 .text.CreateSerialObjetcs
                0x08000e34       0x38 ..\obj\SerialTask.o
                0x08000e34                CreateSerialObjetcs
 .text.CreateSerialTask
                0x08000e6c       0x38 ..\obj\SerialTask.o
                0x08000e6c                CreateSerialTask
 .text.serialTxTask
                0x08000ea4       0x94 ..\obj\SerialTask.o
                0x08000ea4                serialTxTask
 .text.serialRxTask
                0x08000f38       0xb0 ..\obj\SerialTask.o
                0x08000f38                serialRxTask
 .text.parsePacket
                0x08000fe8       0x4c ..\obj\SerialTask.o
                0x08000fe8                parsePacket
 .text.USART1_Init
                0x08001034       0xb8 ..\obj\SerialTask.o
                0x08001034                USART1_Init
 .text.USART1_IRQHandler
                0x080010ec       0x78 ..\obj\SerialTask.o
                0x080010ec                USART1_IRQHandler
 .text.CreateTCBList
                0x08001164       0x90 ..\obj\task.o
                0x08001164                CreateTCBList
 .text.GetPriSeqNum
                0x080011f4       0x80 ..\obj\task.o
 .text.GetRdyPriSeqNum
                0x08001274      0x120 ..\obj\task.o
 .text.PrioRemap
                0x08001394       0xd4 ..\obj\task.o
 .text.GetPrioSeqNumStatus
                0x08001468       0x40 ..\obj\task.o
 .text.SetPrioSeqNumStatus
                0x080014a8       0x68 ..\obj\task.o
 .text.ActiveTaskPri
                0x08001510       0xb8 ..\obj\task.o
                0x08001510                ActiveTaskPri
 .text.InsertToTCBRdyList
                0x080015c8      0x154 ..\obj\task.o
                0x080015c8                InsertToTCBRdyList
 .text.RemoveFromTCBRdyList
                0x0800171c      0x130 ..\obj\task.o
                0x0800171c                RemoveFromTCBRdyList
 .text.Schedule
                0x0800184c      0x140 ..\obj\task.o
                0x0800184c                Schedule
 .text.AssignTCB
                0x0800198c       0x4c ..\obj\task.o
 .text.CreateTask
                0x080019d8      0x124 ..\obj\task.o
                0x080019d8                CreateTask
 .text.Default_Reset_Handler
                0x08001afc       0x68 ..\obj\startup_stm32f4xx.o
                0x08001afc                Default_Reset_Handler
                0x08001afc                Reset_Handler
 .text.Default_Handler
                0x08001b64        0x8 ..\obj\startup_stm32f4xx.o
                0x08001b64                RTC_Alarm_IRQHandler
                0x08001b64                HASH_RNG_IRQHandler
                0x08001b64                EXTI2_IRQHandler
                0x08001b64                TIM8_CC_IRQHandler
                0x08001b64                DebugMon_Handler
                0x08001b64                TIM1_CC_IRQHandler
                0x08001b64                DMA2_Stream5_IRQHandler
                0x08001b64                HardFault_Handler
                0x08001b64                DMA1_Stream5_IRQHandler
                0x08001b64                PVD_IRQHandler
                0x08001b64                SDIO_IRQHandler
                0x08001b64                TAMP_STAMP_IRQHandler
                0x08001b64                NMI_Handler
                0x08001b64                CAN2_RX1_IRQHandler
                0x08001b64                EXTI3_IRQHandler
                0x08001b64                TIM8_TRG_COM_TIM14_IRQHandler
                0x08001b64                TIM1_UP_TIM10_IRQHandler
                0x08001b64                TIM8_UP_TIM13_IRQHandler
                0x08001b64                I2C3_ER_IRQHandler
                0x08001b64                EXTI0_IRQHandler
                0x08001b64                I2C2_EV_IRQHandler
                0x08001b64                DMA1_Stream2_IRQHandler
                0x08001b64                CAN1_RX0_IRQHandler
                0x08001b64                FPU_IRQHandler
                0x08001b64                OTG_HS_WKUP_IRQHandler
                0x08001b64                UsageFault_Handler
                0x08001b64                CAN2_SCE_IRQHandler
                0x08001b64                DMA2_Stream2_IRQHandler
                0x08001b64                SPI1_IRQHandler
                0x08001b64                TIM6_DAC_IRQHandler
                0x08001b64                TIM1_BRK_TIM9_IRQHandler
                0x08001b64                DCMI_IRQHandler
                0x08001b64                CAN2_RX0_IRQHandler
                0x08001b64                DMA2_Stream3_IRQHandler
                0x08001b64                USART6_IRQHandler
                0x08001b64                USART3_IRQHandler
                0x08001b64                CRYP_IRQHandler
                0x08001b64                CAN1_RX1_IRQHandler
                0x08001b64                UART5_IRQHandler
                0x08001b64                DMA2_Stream0_IRQHandler
                0x08001b64                TIM4_IRQHandler
                0x08001b64                I2C1_EV_IRQHandler
                0x08001b64                DMA1_Stream6_IRQHandler
                0x08001b64                DMA1_Stream1_IRQHandler
                0x08001b64                UART4_IRQHandler
                0x08001b64                TIM3_IRQHandler
                0x08001b64                RCC_IRQHandler
                0x08001b64                TIM8_BRK_TIM12_IRQHandler
                0x08001b64                EXTI15_10_IRQHandler
                0x08001b64                ADC_IRQHandler
                0x08001b64                DMA1_Stream7_IRQHandler
                0x08001b64                TIM7_IRQHandler
                0x08001b64                CAN2_TX_IRQHandler
                0x08001b64                TIM5_IRQHandler
                0x08001b64                DMA2_Stream7_IRQHandler
                0x08001b64                I2C3_EV_IRQHandler
                0x08001b64                EXTI9_5_IRQHandler
                0x08001b64                RTC_WKUP_IRQHandler
                0x08001b64                ETH_WKUP_IRQHandler
                0x08001b64                SPI2_IRQHandler
                0x08001b64                OTG_HS_EP1_IN_IRQHandler
                0x08001b64                MemManage_Handler
                0x08001b64                DMA1_Stream0_IRQHandler
                0x08001b64                CAN1_TX_IRQHandler
                0x08001b64                SVC_Handler
                0x08001b64                EXTI4_IRQHandler
                0x08001b64                FSMC_IRQHandler
                0x08001b64                ETH_IRQHandler
                0x08001b64                OTG_HS_EP1_OUT_IRQHandler
                0x08001b64                WWDG_IRQHandler
                0x08001b64                TIM2_IRQHandler
                0x08001b64                OTG_FS_WKUP_IRQHandler
                0x08001b64                TIM1_TRG_COM_TIM11_IRQHandler
                0x08001b64                OTG_HS_IRQHandler
                0x08001b64                EXTI1_IRQHandler
                0x08001b64                USART2_IRQHandler
                0x08001b64                I2C2_ER_IRQHandler
                0x08001b64                DMA2_Stream1_IRQHandler
                0x08001b64                CAN1_SCE_IRQHandler
                0x08001b64                FLASH_IRQHandler
                0x08001b64                DMA2_Stream4_IRQHandler
                0x08001b64                BusFault_Handler
                0x08001b64                OTG_FS_IRQHandler
                0x08001b64                SPI3_IRQHandler
                0x08001b64                DMA1_Stream4_IRQHandler
                0x08001b64                I2C1_ER_IRQHandler
                0x08001b64                DMA2_Stream6_IRQHandler
                0x08001b64                DMA1_Stream3_IRQHandler
 .text.InsertInSRQ
                0x08001b6c       0x8c ..\obj\serviceReq.o
                0x08001b6c                InsertInSRQ
 .text.RespondSRQ
                0x08001bf8      0x100 ..\obj\serviceReq.o
                0x08001bf8                RespondSRQ
 .text.Init_AnalogJoy
                0x08001cf8      0x120 ..\obj\analogJoy_driver.o
                0x08001cf8                Init_AnalogJoy
 .text.getAnalogJoy
                0x08001e18       0x28 ..\obj\analogJoy_driver.o
                0x08001e18                getAnalogJoy
 .text.CreateSystemObjetcs
                0x08001e40       0x10 ..\obj\main.o
                0x08001e40                CreateSystemObjetcs
 .text.CreateUserTasks
                0x08001e50       0x14 ..\obj\main.o
                0x08001e50                CreateUserTasks
 .text.main     0x08001e64       0x28 ..\obj\main.o
                0x08001e64                main
 .text.RCC_GetClocksFreq
                0x08001e8c      0x154 ..\obj\stm32f4xx_rcc.o
                0x08001e8c                RCC_GetClocksFreq
 .text.RCC_AHB1PeriphClockCmd
                0x08001fe0       0x3c ..\obj\stm32f4xx_rcc.o
                0x08001fe0                RCC_AHB1PeriphClockCmd
 .text.RCC_APB1PeriphClockCmd
                0x0800201c       0x3c ..\obj\stm32f4xx_rcc.o
                0x0800201c                RCC_APB1PeriphClockCmd
 .text.RCC_APB2PeriphClockCmd
                0x08002058       0x3c ..\obj\stm32f4xx_rcc.o
                0x08002058                RCC_APB2PeriphClockCmd
 .text.Init_Motor_PWM
                0x08002094       0xf0 ..\obj\motor_driver.o
                0x08002094                Init_Motor_PWM
 .text.setMotorSpeed
                0x08002184       0x5c ..\obj\motor_driver.o
                0x08002184                setMotorSpeed
 .text.ADC_Init
                0x080021e0       0xa8 ..\obj\stm32f4xx_adc.o
                0x080021e0                ADC_Init
 .text.ADC_CommonInit
                0x08002288       0x50 ..\obj\stm32f4xx_adc.o
                0x08002288                ADC_CommonInit
 .text.ADC_Cmd  0x080022d8       0x38 ..\obj\stm32f4xx_adc.o
                0x080022d8                ADC_Cmd
 .text.ADC_RegularChannelConfig
                0x08002310      0x194 ..\obj\stm32f4xx_adc.o
                0x08002310                ADC_RegularChannelConfig
 .text.ADC_SoftwareStartConv
                0x080024a4       0x20 ..\obj\stm32f4xx_adc.o
                0x080024a4                ADC_SoftwareStartConv
 .text.ADC_DMACmd
                0x080024c4       0x38 ..\obj\stm32f4xx_adc.o
                0x080024c4                ADC_DMACmd
 .text.ADC_DMARequestAfterLastTransferCmd
                0x080024fc       0x38 ..\obj\stm32f4xx_adc.o
                0x080024fc                ADC_DMARequestAfterLastTransferCmd
 .text.PrintChar
                0x08002534       0x14 ..\obj\printf.o
                0x08002534                PrintChar
 .text.PutChar  0x08002548       0x20 ..\obj\printf.o
                0x08002548                PutChar
 .text.PutString
                0x08002568       0x3c ..\obj\printf.o
                0x08002568                PutString
 .text.PutUnsignedInt
                0x080025a4       0xa0 ..\obj\printf.o
                0x080025a4                PutUnsignedInt
 .text.PutSignedInt
                0x08002644      0x104 ..\obj\printf.o
                0x08002644                PutSignedInt
 .text.PutHexa  0x08002748       0xd8 ..\obj\printf.o
                0x08002748                PutHexa
 .text.vsnprintf
                0x08002820      0x25c ..\obj\printf.o
                0x08002820                vsnprintf
 .text.vsprintf
                0x08002a7c       0x24 ..\obj\printf.o
                0x08002a7c                vsprintf
 .text.vfprintf
                0x08002aa0       0x68 ..\obj\printf.o
                0x08002aa0                vfprintf
 .text.vprintf  0x08002b08       0x28 ..\obj\printf.o
                0x08002b08                vprintf
 .text.printf   0x08002b30       0x28 ..\obj\printf.o
                0x08002b30                printf
 .text.fputc    0x08002b58       0x40 ..\obj\printf.o
                0x08002b58                fputc
 .text.fputs    0x08002b98       0x48 ..\obj\printf.o
                0x08002b98                fputs
 .text.CoPostMail
                0x08002be0       0x74 ..\obj\mbox.o
                0x08002be0                CoPostMail
 .text.CreateLedTask
                0x08002c54       0x60 ..\obj\LedTask.o
                0x08002c54                CreateLedTask
 .text.LedTask0
                0x08002cb4       0x54 ..\obj\LedTask.o
                0x08002cb4                LedTask0
 .text.LedTask1
                0x08002d08       0x84 ..\obj\LedTask.o
                0x08002d08                LedTask1
 .text.LedTask2
                0x08002d8c       0x98 ..\obj\LedTask.o
                0x08002d8c                LedTask2
 .text.LedTask3
                0x08002e24       0x68 ..\obj\LedTask.o
                0x08002e24                LedTask3
 .text.InsertDelayList
                0x08002e8c       0xf0 ..\obj\time.o
                0x08002e8c                InsertDelayList
 .text.RemoveDelayList
                0x08002f7c       0xb4 ..\obj\time.o
                0x08002f7c                RemoveDelayList
 .text.CoTickDelay
                0x08003030       0x70 ..\obj\time.o
                0x08003030                CoTickDelay
 .text.CoTimeDelay
                0x080030a0       0xb0 ..\obj\time.o
                0x080030a0                CoTimeDelay
 .text.TimeDispose
                0x08003150       0x74 ..\obj\time.o
                0x08003150                TimeDispose
 .text.isr_TimeDispose
                0x080031c4       0x30 ..\obj\time.o
                0x080031c4                isr_TimeDispose
 .text.waitForKey
                0x080031f4       0x2c ..\obj\JoyTmr.o
                0x080031f4                waitForKey
 .text.SetFlagKey
                0x08003220       0x24 ..\obj\JoyTmr.o
                0x08003220                SetFlagKey
 .text.CreateJoyFlags
                0x08003244       0x34 ..\obj\JoyTmr.o
                0x08003244                CreateJoyFlags
 .text.CreateJoyTask
                0x08003278       0x2c ..\obj\JoyTmr.o
                0x08003278                CreateJoyTask
 .text.JoyTimer
                0x080032a4       0x40 ..\obj\JoyTmr.o
                0x080032a4                JoyTimer
 .text.CreateEventList
                0x080032e4       0x78 ..\obj\event.o
                0x080032e4                CreateEventList
 .text.CreatEvent
                0x0800335c       0x84 ..\obj\event.o
                0x0800335c                CreatEvent
 .text.EventTaskToWait
                0x080033e0      0x100 ..\obj\event.o
                0x080033e0                EventTaskToWait
 .text.EventTaskToRdy
                0x080034e0      0x10c ..\obj\event.o
                0x080034e0                EventTaskToRdy
 .text.RemoveEventWaittingList
                0x080035ec       0x98 ..\obj\event.o
                0x080035ec                RemoveEventWaittingList
 .text.GPIO_Init
                0x08003684      0x11c ..\obj\stm32f4xx_gpio.o
                0x08003684                GPIO_Init
 .text.GPIO_ReadInputDataBit
                0x080037a0       0x34 ..\obj\stm32f4xx_gpio.o
                0x080037a0                GPIO_ReadInputDataBit
 .text.GPIO_SetBits
                0x080037d4       0x1c ..\obj\stm32f4xx_gpio.o
                0x080037d4                GPIO_SetBits
 .text.GPIO_ResetBits
                0x080037f0       0x1c ..\obj\stm32f4xx_gpio.o
                0x080037f0                GPIO_ResetBits
 .text.GPIO_ToggleBits
                0x0800380c       0x24 ..\obj\stm32f4xx_gpio.o
                0x0800380c                GPIO_ToggleBits
 .text.GPIO_PinAFConfig
                0x08003830       0x90 ..\obj\stm32f4xx_gpio.o
                0x08003830                GPIO_PinAFConfig
 .text.Init_Servo_PWM
                0x080038c0       0xb8 ..\obj\servo_driver.o
                0x080038c0                Init_Servo_PWM
 .text.setServoPos
                0x08003978       0x44 ..\obj\servo_driver.o
                0x08003978                setServoPos
 .text.SystemInit
                0x080039bc       0x68 ..\obj\system_stm32f4xx.o
                0x080039bc                SystemInit
 .text.SetSysClock
                0x08003a24       0xa4 ..\obj\system_stm32f4xx.o
 .text.DMA_Init
                0x08003ac8       0xac ..\obj\stm32f4xx_dma.o
                0x08003ac8                DMA_Init
 .text.DMA_Cmd  0x08003b74       0x38 ..\obj\stm32f4xx_dma.o
                0x08003b74                DMA_Cmd
 .text.CoCreateQueue
                0x08003bac       0xfc ..\obj\queue.o
                0x08003bac                CoCreateQueue
 .text.CoPendQueueMail
                0x08003ca8      0x15c ..\obj\queue.o
                0x08003ca8                CoPendQueueMail
 .text.CoPostQueueMail
                0x08003e04       0xac ..\obj\queue.o
                0x08003e04                CoPostQueueMail
 .text.isr_PostQueueMail
                0x08003eb0       0x48 ..\obj\queue.o
                0x08003eb0                isr_PostQueueMail
 .text.Inc8     0x08003ef8       0x30 ..\obj\port.o
                0x08003ef8                Inc8
 .text.Dec8     0x08003f28       0x2c ..\obj\port.o
                0x08003f28                Dec8
 .text.IRQ_ENABLE_RESTORE
                0x08003f54       0x10 ..\obj\port.o
                0x08003f54                IRQ_ENABLE_RESTORE
 .text.IRQ_DISABLE_SAVE
                0x08003f64       0x10 ..\obj\port.o
                0x08003f64                IRQ_DISABLE_SAVE
 .text.SetEnvironment
                0x08003f74        0xc ..\obj\port.o
                0x08003f74                SetEnvironment
 .text.SwitchContext
                0x08003f80       0x14 ..\obj\port.o
                0x08003f80                SwitchContext
 .text.PendSV_Handler
                0x08003f94       0x3c ..\obj\port.o
                0x08003f94                PendSV_Handler
 .text.CoCreateFlag
                0x08003fd0       0x98 ..\obj\flag.o
                0x08003fd0                CoCreateFlag
 .text.CoWaitForSingleFlag
                0x08004068      0x178 ..\obj\flag.o
                0x08004068                CoWaitForSingleFlag
 .text.CoSetFlag
                0x080041e0       0xf4 ..\obj\flag.o
                0x080041e0                CoSetFlag
 .text.FlagBlock
                0x080042d4       0x78 ..\obj\flag.o
 .text.RemoveFromLink
                0x0800434c       0x54 ..\obj\flag.o
 .text.RemoveLinkNode
                0x080043a0       0x84 ..\obj\flag.o
                0x080043a0                RemoveLinkNode
 .text.InitTaskContext
                0x08004424       0x50 ..\obj\arch.o
                0x08004424                InitTaskContext
 .text.SysTick_Handler
                0x08004474       0x98 ..\obj\arch.o
                0x08004474                SysTick_Handler
 .text.NVIC_Init
                0x0800450c       0xc0 ..\obj\misc.o
                0x0800450c                NVIC_Init
 .text.CoCreateSem
                0x080045cc       0x60 ..\obj\sem.o
                0x080045cc                CoCreateSem
 .text.CoPendSem
                0x0800462c       0xe8 ..\obj\sem.o
                0x0800462c                CoPendSem
 .text.CoPostSem
                0x08004714       0x78 ..\obj\sem.o
                0x08004714                CoPostSem
 .text.isr_PostSem
                0x0800478c       0x44 ..\obj\sem.o
                0x0800478c                isr_PostSem
 .text.CoIdleTask
                0x080047d0        0xc ..\obj\hook.o
                0x080047d0                CoIdleTask
 .text.CoStkOverflowHook
                0x080047dc        0xc ..\obj\hook.o
                0x080047dc                CoStkOverflowHook
 .text.TIM_TimeBaseInit
                0x080047e8       0xd4 ..\obj\stm32f4xx_tim.o
                0x080047e8                TIM_TimeBaseInit
 .text.TIM_Cmd  0x080048bc       0x40 ..\obj\stm32f4xx_tim.o
                0x080048bc                TIM_Cmd
 .text.TIM_OC1Init
                0x080048fc       0xf4 ..\obj\stm32f4xx_tim.o
                0x080048fc                TIM_OC1Init
 .text.TIM_SetCompare1
                0x080049f0       0x1c ..\obj\stm32f4xx_tim.o
                0x080049f0                TIM_SetCompare1
 .text.TIM_CtrlPWMOutputs
                0x08004a0c       0x4c ..\obj\stm32f4xx_tim.o
                0x08004a0c                TIM_CtrlPWMOutputs
 *(.init)
 *(.fini)
 *crtbegin.o(.ctors)
 *crtbegin?.o(.ctors)
 *(EXCLUDE_FILE(*crtend.o *crtend?.o) .ctors)
 *(SORT(.ctors.*))
 *(.ctors)
 *crtbegin.o(.dtors)
 *crtbegin?.o(.dtors)
 *(EXCLUDE_FILE(*crtend.o *crtend?.o) .dtors)
 *(SORT(.dtors.*))
 *(.dtors)
 *(.rodata*)
 .rodata        0x08004a58       0x24 ..\obj\printf.o
 .rodata        0x08004a7c       0x50 ..\obj\LedTask.o
 *(.eh_fram e*)

.glue_7         0x08004acc        0x0
 .glue_7        0x00000000        0x0 linker stubs

.glue_7t        0x08004acc        0x0
 .glue_7t       0x00000000        0x0 linker stubs

.vfp11_veneer   0x08004acc        0x0
 .vfp11_veneer  0x00000000        0x0 linker stubs

.v4_bx          0x08004acc        0x0
 .v4_bx         0x00000000        0x0 linker stubs

.iplt           0x08004acc        0x0
 .iplt          0x00000000        0x0 ..\obj\led_driver.o

.rel.dyn        0x08004acc        0x0
 .rel.iplt      0x00000000        0x0 ..\obj\led_driver.o

.ARM.extab
 *(.ARM.extab* .gnu.linkonce.armextab.*)
                0x08004acc                __exidx_start = .

.ARM.exidx
 *(.ARM.exidx* .gnu.linkonce.armexidx.*)
                0x08004acc                __exidx_end = .
                0x08004acc                __etext = .
                0x08004acc                _sidata = __etext

.data           0x20000000      0x448 load address 0x08004acc
                0x20000000                __data_start__ = .
                0x20000000                _sdata = __data_start__
 *(vtable)
 *(.data*)
 .data          0x20000000       0x10 ..\obj\stm32f4xx_rcc.o
 .data          0x20000010      0x42c ..\obj\printf.o
                0x20000010                r
                0x20000438                _impure_ptr
 .data          0x2000043c        0xc ..\obj\port.o
                0x2000043c                NVIC_INT_CTRL
                0x20000440                NVIC_PENDSVSET
                0x20000444                INT_EXIT
                0x20000448                . = ALIGN (0x4)
                0x20000448                PROVIDE (__preinit_array_start, .)
 *(.preinit_array)
                0x20000448                PROVIDE (__preinit_array_end, .)
                0x20000448                . = ALIGN (0x4)
                0x20000448                PROVIDE (__init_array_start, .)
 *(SORT(.init_array.*))
 *(.init_array)
                0x20000448                PROVIDE (__init_array_end, .)
                0x20000448                . = ALIGN (0x4)
                0x20000448                PROVIDE (__fini_array_start, .)
 *(SORT(.fini_array.*))
 *(.fini_array)
                0x20000448                PROVIDE (__fini_array_end, .)
 *(.jcr*)
                0x20000448                . = ALIGN (0x4)
                0x20000448                __data_end__ = .
                0x20000448                _edata = __data_end__

.igot.plt       0x20000448        0x0 load address 0x08004f14
 .igot.plt      0x00000000        0x0 ..\obj\led_driver.o

.bss            0x20000448     0x1f70 load address 0x08004f18
                0x20000448                . = ALIGN (0x4)
                0x20000448                __bss_start__ = .
                0x20000448                _sbss = __bss_start__
 *(.bss*)
 .bss           0x20000448       0xd4 ..\obj\kernelHeap.o
                0x20000448                KernelHeap
                0x20000510                FMBlist
                0x20000514                Kheap
 .bss           0x2000051c        0x3 ..\obj\core.o
                0x2000051c                OSIntNesting
                0x2000051d                OSSchedLock
                0x2000051e                TaskSchedReq
 *fill*         0x2000051f        0x1 
 .bss           0x20000520       0x38 ..\obj\timer.o
                0x20000520                TmrTbl
                0x20000550                TmrList
                0x20000554                TmrIDVessel
 .bss           0x20000558      0x419 ..\obj\task.o
                0x20000558                TCBTbl
                0x20000844                idle_stk
                0x20000944                FreeTCB
                0x20000948                TCBRdy
                0x2000094c                TCBNext
                0x20000950                TCBRunning
                0x20000958                OSCheckTime
                0x20000960                RdyTaskPri
 *fill*         0x20000971        0x3 
 .bss           0x20000974       0x2f ..\obj\serviceReq.o
                0x20000974                ServiceReq
                0x200009a0                IsrReq
                0x200009a1                TimeReq
                0x200009a2                TimerReq
 *fill*         0x200009a3        0x1 
 .bss           0x200009a4        0x4 ..\obj\time.o
                0x200009a4                DlyList
 .bss           0x200009a8      0x144 ..\obj\event.o
                0x200009a8                EventTbl
                0x20000ae8                FreeEventList
 .bss           0x20000aec       0x24 ..\obj\queue.o
                0x20000aec                QueueTbl
                0x20000b0c                QueueIDVessel
 .bss           0x20000b10       0x14 ..\obj\flag.o
                0x20000b10                FlagCrl
 *fill*         0x20000b24        0x4 
 .bss           0x20000b28        0x8 ..\obj\arch.o
                0x20000b28                OSTickCnt
 *(COMMON)
 COMMON         0x20000b30      0x845 ..\obj\SerialTask.o
                0x20000b30                serial_stk
                0x20001330                queueRxId
                0x20001334                queueRx
                0x20001374                serialSem
 *fill*         0x20001375        0x3 
 COMMON         0x20001378       0x2d ..\obj\task.o
                0x20001378                PriNum
                0x2000137c                TaskNumPerPri
                0x20001390                RdyTaskPriInfo
                0x20001394                ActivePri
 *fill*         0x200013a5        0x3 
 COMMON         0x200013a8        0x4 ..\obj\analogJoy_driver.o
                0x200013a8                ADC_ConvertedValue
 COMMON         0x200013ac     0x1000 ..\obj\LedTask.o
                0x200013ac                led_stk
 COMMON         0x200023ac        0x9 ..\obj\JoyTmr.o
                0x200023ac                lastjoyKey
                0x200023b0                keyFlag
                0x200023b8                . = ALIGN (0x4)
 *fill*         0x200023b5        0x3 
                0x200023b8                __bss_end__ = .
                0x200023b8                _ebss = __bss_end__

.heap           0x200023b8        0x0
                0x200023b8                __end__ = .
                0x200023b8                _end = __end__
                0x200023b8                end = __end__
 *(.heap*)
                0x200023b8                __HeapLimit = .

.co_stack       0x200023b8      0x800 load address 0x08006e88
                0x200023b8                . = ALIGN (0x8)
 *(.co_stack .co_stack.*)
 .co_stack      0x200023b8      0x800 ..\obj\startup_stm32f4xx.o
                0x200023b8                pulStack
                0x20020000                __StackTop = (ORIGIN (ram) + 0x20000)
                0x2001f800                __StackLimit = (__StackTop - SIZEOF (.co_stack))
                0x20020000                PROVIDE (__stack, __StackTop)
                0x00000001                ASSERT ((__StackLimit >= __HeapLimit), region ram  overflowed with stack)
LOAD ..\obj\led_driver.o
LOAD ..\obj\kernelHeap.o
LOAD ..\obj\core.o
LOAD ..\obj\timer.o
LOAD ..\obj\utility.o
LOAD ..\obj\stm32f4xx_usart.o
LOAD ..\obj\joy_driver.o
LOAD ..\obj\SerialTask.o
LOAD ..\obj\task.o
LOAD ..\obj\startup_stm32f4xx.o
LOAD ..\obj\serviceReq.o
LOAD ..\obj\analogJoy_driver.o
LOAD ..\obj\main.o
LOAD ..\obj\stm32f4xx_rcc.o
LOAD ..\obj\motor_driver.o
LOAD ..\obj\stm32f4xx_adc.o
LOAD ..\obj\printf.o
LOAD ..\obj\mbox.o
LOAD ..\obj\mm.o
LOAD ..\obj\stm32f4xx_fsmc.o
LOAD ..\obj\LedTask.o
LOAD ..\obj\time.o
LOAD ..\obj\JoyTmr.o
LOAD ..\obj\event.o
LOAD ..\obj\stm32f4xx_gpio.o
LOAD ..\obj\stm32f4xx_flash.o
LOAD ..\obj\servo_driver.o
LOAD ..\obj\system_stm32f4xx.o
LOAD ..\obj\syscalls.o
LOAD ..\obj\stm32f4xx_dma.o
LOAD ..\obj\queue.o
LOAD ..\obj\port.o
LOAD ..\obj\mutex.o
LOAD ..\obj\flag.o
LOAD ..\obj\arch.o
LOAD ..\obj\misc.o
LOAD ..\obj\sem.o
LOAD ..\obj\hook.o
LOAD ..\obj\stm32f4xx_tim.o
LOAD c:/program files (x86)/gnu tools arm embedded/4.9 2015q3/bin/../lib/gcc/arm-none-eabi/4.9.3/../../../../arm-none-eabi/lib/armv7e-m/softfp\libm.a
LOAD c:/program files (x86)/gnu tools arm embedded/4.9 2015q3/bin/../lib/gcc/arm-none-eabi/4.9.3/armv7e-m/softfp\libgcc.a
LOAD c:/program files (x86)/gnu tools arm embedded/4.9 2015q3/bin/../lib/gcc/arm-none-eabi/4.9.3/../../../../arm-none-eabi/lib/armv7e-m/softfp\libc.a
LOAD c:/program files (x86)/gnu tools arm embedded/4.9 2015q3/bin/../lib/gcc/arm-none-eabi/4.9.3/../../../../arm-none-eabi/lib/armv7e-m/softfp\libnosys.a
START GROUP
LOAD c:/program files (x86)/gnu tools arm embedded/4.9 2015q3/bin/../lib/gcc/arm-none-eabi/4.9.3/armv7e-m/softfp\libgcc.a
LOAD c:/program files (x86)/gnu tools arm embedded/4.9 2015q3/bin/../lib/gcc/arm-none-eabi/4.9.3/../../../../arm-none-eabi/lib/armv7e-m/softfp\libg.a
LOAD c:/program files (x86)/gnu tools arm embedded/4.9 2015q3/bin/../lib/gcc/arm-none-eabi/4.9.3/../../../../arm-none-eabi/lib/armv7e-m/softfp\libc.a
END GROUP
OUTPUT(STM32_CoOs.elf elf32-littlearm)

.debug_info     0x00000000     0xc215
 .debug_info    0x00000000      0x323 ..\obj\led_driver.o
 .debug_info    0x00000323      0x2d3 ..\obj\kernelHeap.o
 .debug_info    0x000005f6      0x2c8 ..\obj\core.o
 .debug_info    0x000008be      0x3bd ..\obj\timer.o
 .debug_info    0x00000c7b      0x9c2 ..\obj\stm32f4xx_usart.o
 .debug_info    0x0000163d      0x2df ..\obj\joy_driver.o
 .debug_info    0x0000191c      0x92d ..\obj\SerialTask.o
 .debug_info    0x00002249      0x9bf ..\obj\task.o
 .debug_info    0x00002c08       0xed ..\obj\startup_stm32f4xx.o
 .debug_info    0x00002cf5      0x1e5 ..\obj\serviceReq.o
 .debug_info    0x00002eda      0x633 ..\obj\analogJoy_driver.o
 .debug_info    0x0000350d       0xf1 ..\obj\main.o
 .debug_info    0x000035fe      0xc4d ..\obj\stm32f4xx_rcc.o
 .debug_info    0x0000424b      0x5f4 ..\obj\motor_driver.o
 .debug_info    0x0000483f      0xc38 ..\obj\stm32f4xx_adc.o
 .debug_info    0x00005477      0xe5f ..\obj\printf.o
 .debug_info    0x000062d6      0x40e ..\obj\mbox.o
 .debug_info    0x000066e4      0x281 ..\obj\LedTask.o
 .debug_info    0x00006965      0x3d2 ..\obj\time.o
 .debug_info    0x00006d37      0x1e3 ..\obj\JoyTmr.o
 .debug_info    0x00006f1a      0x4a6 ..\obj\event.o
 .debug_info    0x000073c0      0x602 ..\obj\stm32f4xx_gpio.o
 .debug_info    0x000079c2      0x5a3 ..\obj\servo_driver.o
 .debug_info    0x00007f65      0x559 ..\obj\system_stm32f4xx.o
 .debug_info    0x000084be      0x739 ..\obj\stm32f4xx_dma.o
 .debug_info    0x00008bf7      0x528 ..\obj\queue.o
 .debug_info    0x0000911f      0x197 ..\obj\port.o
 .debug_info    0x000092b6      0x639 ..\obj\flag.o
 .debug_info    0x000098ef      0x2fe ..\obj\arch.o
 .debug_info    0x00009bed      0x53d ..\obj\misc.o
 .debug_info    0x0000a12a      0x3ce ..\obj\sem.o
 .debug_info    0x0000a4f8       0xbc ..\obj\hook.o
 .debug_info    0x0000a5b4     0x1c61 ..\obj\stm32f4xx_tim.o

.debug_abbrev   0x00000000     0x2bd5
 .debug_abbrev  0x00000000      0x10e ..\obj\led_driver.o
 .debug_abbrev  0x0000010e      0x14f ..\obj\kernelHeap.o
 .debug_abbrev  0x0000025d       0xf5 ..\obj\core.o
 .debug_abbrev  0x00000352      0x194 ..\obj\timer.o
 .debug_abbrev  0x000004e6      0x155 ..\obj\stm32f4xx_usart.o
 .debug_abbrev  0x0000063b      0x12a ..\obj\joy_driver.o
 .debug_abbrev  0x00000765      0x1bc ..\obj\SerialTask.o
 .debug_abbrev  0x00000921      0x24c ..\obj\task.o
 .debug_abbrev  0x00000b6d       0xb0 ..\obj\startup_stm32f4xx.o
 .debug_abbrev  0x00000c1d      0x114 ..\obj\serviceReq.o
 .debug_abbrev  0x00000d31      0x14a ..\obj\analogJoy_driver.o
 .debug_abbrev  0x00000e7b       0x97 ..\obj\main.o
 .debug_abbrev  0x00000f12      0x1e3 ..\obj\stm32f4xx_rcc.o
 .debug_abbrev  0x000010f5      0x126 ..\obj\motor_driver.o
 .debug_abbrev  0x0000121b      0x196 ..\obj\stm32f4xx_adc.o
 .debug_abbrev  0x000013b1      0x296 ..\obj\printf.o
 .debug_abbrev  0x00001647      0x15f ..\obj\mbox.o
 .debug_abbrev  0x000017a6       0xfc ..\obj\LedTask.o
 .debug_abbrev  0x000018a2      0x194 ..\obj\time.o
 .debug_abbrev  0x00001a36       0xf1 ..\obj\JoyTmr.o
 .debug_abbrev  0x00001b27      0x1d4 ..\obj\event.o
 .debug_abbrev  0x00001cfb      0x1a3 ..\obj\stm32f4xx_gpio.o
 .debug_abbrev  0x00001e9e      0x10e ..\obj\servo_driver.o
 .debug_abbrev  0x00001fac      0x115 ..\obj\system_stm32f4xx.o
 .debug_abbrev  0x000020c1      0x155 ..\obj\stm32f4xx_dma.o
 .debug_abbrev  0x00002216      0x17f ..\obj\queue.o
 .debug_abbrev  0x00002395       0xe7 ..\obj\port.o
 .debug_abbrev  0x0000247c      0x1b1 ..\obj\flag.o
 .debug_abbrev  0x0000262d      0x111 ..\obj\arch.o
 .debug_abbrev  0x0000273e      0x145 ..\obj\misc.o
 .debug_abbrev  0x00002883      0x141 ..\obj\sem.o
 .debug_abbrev  0x000029c4       0x8a ..\obj\hook.o
 .debug_abbrev  0x00002a4e      0x187 ..\obj\stm32f4xx_tim.o

.debug_aranges  0x00000000      0xf70
 .debug_aranges
                0x00000000       0x38 ..\obj\led_driver.o
 .debug_aranges
                0x00000038       0x38 ..\obj\kernelHeap.o
 .debug_aranges
                0x00000070       0x58 ..\obj\core.o
 .debug_aranges
                0x000000c8       0x68 ..\obj\timer.o
 .debug_aranges
                0x00000130      0x100 ..\obj\stm32f4xx_usart.o
 .debug_aranges
                0x00000230       0x28 ..\obj\joy_driver.o
 .debug_aranges
                0x00000258       0x58 ..\obj\SerialTask.o
 .debug_aranges
                0x000002b0       0xb0 ..\obj\task.o
 .debug_aranges
                0x00000360       0x28 ..\obj\startup_stm32f4xx.o
 .debug_aranges
                0x00000388       0x28 ..\obj\serviceReq.o
 .debug_aranges
                0x000003b0       0x28 ..\obj\analogJoy_driver.o
 .debug_aranges
                0x000003d8       0x30 ..\obj\main.o
 .debug_aranges
                0x00000408      0x178 ..\obj\stm32f4xx_rcc.o
 .debug_aranges
                0x00000580       0x28 ..\obj\motor_driver.o
 .debug_aranges
                0x000005a8      0x148 ..\obj\stm32f4xx_adc.o
 .debug_aranges
                0x000006f0       0xa0 ..\obj\printf.o
 .debug_aranges
                0x00000790       0x48 ..\obj\mbox.o
 .debug_aranges
                0x000007d8       0x40 ..\obj\LedTask.o
 .debug_aranges
                0x00000818       0x58 ..\obj\time.o
 .debug_aranges
                0x00000870       0x40 ..\obj\JoyTmr.o
 .debug_aranges
                0x000008b0       0x50 ..\obj\event.o
 .debug_aranges
                0x00000900       0x88 ..\obj\stm32f4xx_gpio.o
 .debug_aranges
                0x00000988       0x28 ..\obj\servo_driver.o
 .debug_aranges
                0x000009b0       0x30 ..\obj\system_stm32f4xx.o
 .debug_aranges
                0x000009e0       0xb0 ..\obj\stm32f4xx_dma.o
 .debug_aranges
                0x00000a90       0x48 ..\obj\queue.o
 .debug_aranges
                0x00000ad8       0x50 ..\obj\port.o
 .debug_aranges
                0x00000b28       0x78 ..\obj\flag.o
 .debug_aranges
                0x00000ba0       0x28 ..\obj\arch.o
 .debug_aranges
                0x00000bc8       0x40 ..\obj\misc.o
 .debug_aranges
                0x00000c08       0x48 ..\obj\sem.o
 .debug_aranges
                0x00000c50       0x28 ..\obj\hook.o
 .debug_aranges
                0x00000c78      0x2f8 ..\obj\stm32f4xx_tim.o

.debug_ranges   0x00000000      0xd60
 .debug_ranges  0x00000000       0x28 ..\obj\led_driver.o
 .debug_ranges  0x00000028       0x28 ..\obj\kernelHeap.o
 .debug_ranges  0x00000050       0x48 ..\obj\core.o
 .debug_ranges  0x00000098       0x58 ..\obj\timer.o
 .debug_ranges  0x000000f0       0xf0 ..\obj\stm32f4xx_usart.o
 .debug_ranges  0x000001e0       0x18 ..\obj\joy_driver.o
 .debug_ranges  0x000001f8       0x48 ..\obj\SerialTask.o
 .debug_ranges  0x00000240       0xa0 ..\obj\task.o
 .debug_ranges  0x000002e0       0x18 ..\obj\startup_stm32f4xx.o
 .debug_ranges  0x000002f8       0x18 ..\obj\serviceReq.o
 .debug_ranges  0x00000310       0x18 ..\obj\analogJoy_driver.o
 .debug_ranges  0x00000328       0x20 ..\obj\main.o
 .debug_ranges  0x00000348      0x168 ..\obj\stm32f4xx_rcc.o
 .debug_ranges  0x000004b0       0x18 ..\obj\motor_driver.o
 .debug_ranges  0x000004c8      0x138 ..\obj\stm32f4xx_adc.o
 .debug_ranges  0x00000600       0x90 ..\obj\printf.o
 .debug_ranges  0x00000690       0x38 ..\obj\mbox.o
 .debug_ranges  0x000006c8       0x30 ..\obj\LedTask.o
 .debug_ranges  0x000006f8       0x48 ..\obj\time.o
 .debug_ranges  0x00000740       0x30 ..\obj\JoyTmr.o
 .debug_ranges  0x00000770       0x40 ..\obj\event.o
 .debug_ranges  0x000007b0       0x78 ..\obj\stm32f4xx_gpio.o
 .debug_ranges  0x00000828       0x18 ..\obj\servo_driver.o
 .debug_ranges  0x00000840       0x20 ..\obj\system_stm32f4xx.o
 .debug_ranges  0x00000860       0xa0 ..\obj\stm32f4xx_dma.o
 .debug_ranges  0x00000900       0x38 ..\obj\queue.o
 .debug_ranges  0x00000938       0x40 ..\obj\port.o
 .debug_ranges  0x00000978       0x68 ..\obj\flag.o
 .debug_ranges  0x000009e0       0x18 ..\obj\arch.o
 .debug_ranges  0x000009f8       0x30 ..\obj\misc.o
 .debug_ranges  0x00000a28       0x38 ..\obj\sem.o
 .debug_ranges  0x00000a60       0x18 ..\obj\hook.o
 .debug_ranges  0x00000a78      0x2e8 ..\obj\stm32f4xx_tim.o

.debug_line     0x00000000     0x573e
 .debug_line    0x00000000      0x26f ..\obj\led_driver.o
 .debug_line    0x0000026f      0x192 ..\obj\kernelHeap.o
 .debug_line    0x00000401      0x129 ..\obj\core.o
 .debug_line    0x0000052a      0x1f4 ..\obj\timer.o
 .debug_line    0x0000071e      0x4c2 ..\obj\stm32f4xx_usart.o
 .debug_line    0x00000be0      0x22b ..\obj\joy_driver.o
 .debug_line    0x00000e0b      0x38a ..\obj\SerialTask.o
 .debug_line    0x00001195      0x455 ..\obj\task.o
 .debug_line    0x000015ea       0xa5 ..\obj\startup_stm32f4xx.o
 .debug_line    0x0000168f       0xce ..\obj\serviceReq.o
 .debug_line    0x0000175d      0x274 ..\obj\analogJoy_driver.o
 .debug_line    0x000019d1      0x19d ..\obj\main.o
 .debug_line    0x00001b6e      0x5c1 ..\obj\stm32f4xx_rcc.o
 .debug_line    0x0000212f      0x265 ..\obj\motor_driver.o
 .debug_line    0x00002394      0x572 ..\obj\stm32f4xx_adc.o
 .debug_line    0x00002906      0x432 ..\obj\printf.o
 .debug_line    0x00002d38      0x13d ..\obj\mbox.o
 .debug_line    0x00002e75      0x2bb ..\obj\LedTask.o
 .debug_line    0x00003130      0x1e2 ..\obj\time.o
 .debug_line    0x00003312      0x218 ..\obj\JoyTmr.o
 .debug_line    0x0000352a      0x1b1 ..\obj\event.o
 .debug_line    0x000036db      0x363 ..\obj\stm32f4xx_gpio.o
 .debug_line    0x00003a3e      0x24b ..\obj\servo_driver.o
 .debug_line    0x00003c89      0x1eb ..\obj\system_stm32f4xx.o
 .debug_line    0x00003e74      0x3fc ..\obj\stm32f4xx_dma.o
 .debug_line    0x00004270      0x184 ..\obj\queue.o
 .debug_line    0x000043f4      0x130 ..\obj\port.o
 .debug_line    0x00004524      0x26a ..\obj\flag.o
 .debug_line    0x0000478e       0xfc ..\obj\arch.o
 .debug_line    0x0000488a      0x265 ..\obj\misc.o
 .debug_line    0x00004aef      0x135 ..\obj\sem.o
 .debug_line    0x00004c24       0x90 ..\obj\hook.o
 .debug_line    0x00004cb4      0xa8a ..\obj\stm32f4xx_tim.o

.debug_str      0x00000000     0x45be
 .debug_str     0x00000000      0x32a ..\obj\led_driver.o
                                0x380 (size before relaxing)
 .debug_str     0x0000032a      0x142 ..\obj\kernelHeap.o
                                0x260 (size before relaxing)
 .debug_str     0x0000046c      0x184 ..\obj\core.o
                                0x2af (size before relaxing)
 .debug_str     0x000005f0      0x14d ..\obj\timer.o
                                0x29d (size before relaxing)
 .debug_str     0x0000073d      0x4fc ..\obj\stm32f4xx_usart.o
                                0x6b7 (size before relaxing)
 .debug_str     0x00000c39       0x4e ..\obj\joy_driver.o
                                0x36e (size before relaxing)
 .debug_str     0x00000c87      0x704 ..\obj\SerialTask.o
                                0xb3f (size before relaxing)
 .debug_str     0x0000138b      0x2fd ..\obj\task.o
                                0x529 (size before relaxing)
 .debug_str     0x00001688       0xb3 ..\obj\startup_stm32f4xx.o
                                0x16f (size before relaxing)
 .debug_str     0x0000173b       0xa3 ..\obj\serviceReq.o
                                0x1d5 (size before relaxing)
 .debug_str     0x000017de      0x30c ..\obj\analogJoy_driver.o
                                0x657 (size before relaxing)
 .debug_str     0x00001aea       0x5b ..\obj\main.o
                                0x1cd (size before relaxing)
 .debug_str     0x00001b45      0x5e6 ..\obj\stm32f4xx_rcc.o
                                0x878 (size before relaxing)
 .debug_str     0x0000212b      0x22d ..\obj\motor_driver.o
                                0x602 (size before relaxing)
 .debug_str     0x00002358      0x4fa ..\obj\stm32f4xx_adc.o
                                0x82c (size before relaxing)
 .debug_str     0x00002852      0x4cb ..\obj\printf.o
                                0x6ae (size before relaxing)
 .debug_str     0x00002d1d       0x9d ..\obj\mbox.o
                                0x2f0 (size before relaxing)
 .debug_str     0x00002dba       0x7a ..\obj\LedTask.o
                                0x259 (size before relaxing)
 .debug_str     0x00002e34       0xd4 ..\obj\time.o
                                0x30c (size before relaxing)
 .debug_str     0x00002f08       0x99 ..\obj\JoyTmr.o
                                0x261 (size before relaxing)
 .debug_str     0x00002fa1       0xe8 ..\obj\event.o
                                0x357 (size before relaxing)
 .debug_str     0x00003089      0x1a6 ..\obj\stm32f4xx_gpio.o
                                0x4cb (size before relaxing)
 .debug_str     0x0000322f       0x54 ..\obj\servo_driver.o
                                0x589 (size before relaxing)
 .debug_str     0x00003283      0x102 ..\obj\system_stm32f4xx.o
                                0x3b3 (size before relaxing)
 .debug_str     0x00003385      0x264 ..\obj\stm32f4xx_dma.o
                                0x56a (size before relaxing)
 .debug_str     0x000035e9       0xb3 ..\obj\queue.o
                                0x354 (size before relaxing)
 .debug_str     0x0000369c       0xc9 ..\obj\port.o
                                0x1ef (size before relaxing)
 .debug_str     0x00003765      0x1a4 ..\obj\flag.o
                                0x3cd (size before relaxing)
 .debug_str     0x00003909       0x6e ..\obj\arch.o
                                0x2cf (size before relaxing)
 .debug_str     0x00003977      0x158 ..\obj\misc.o
                                0x3f6 (size before relaxing)
 .debug_str     0x00003acf       0x8d ..\obj\sem.o
                                0x2f3 (size before relaxing)
 .debug_str     0x00003b5c       0x61 ..\obj\hook.o
                                0x182 (size before relaxing)
 .debug_str     0x00003bbd      0xa01 ..\obj\stm32f4xx_tim.o
                                0xdf8 (size before relaxing)

.comment        0x00000000       0x70
 .comment       0x00000000       0x70 ..\obj\led_driver.o
                                 0x71 (size before relaxing)
 .comment       0x00000000       0x71 ..\obj\kernelHeap.o
 .comment       0x00000000       0x71 ..\obj\core.o
 .comment       0x00000000       0x71 ..\obj\timer.o
 .comment       0x00000000       0x71 ..\obj\stm32f4xx_usart.o
 .comment       0x00000000       0x71 ..\obj\joy_driver.o
 .comment       0x00000000       0x71 ..\obj\SerialTask.o
 .comment       0x00000000       0x71 ..\obj\task.o
 .comment       0x00000000       0x71 ..\obj\startup_stm32f4xx.o
 .comment       0x00000000       0x71 ..\obj\serviceReq.o
 .comment       0x00000000       0x71 ..\obj\analogJoy_driver.o
 .comment       0x00000000       0x71 ..\obj\main.o
 .comment       0x00000000       0x71 ..\obj\stm32f4xx_rcc.o
 .comment       0x00000000       0x71 ..\obj\motor_driver.o
 .comment       0x00000000       0x71 ..\obj\stm32f4xx_adc.o
 .comment       0x00000000       0x71 ..\obj\printf.o
 .comment       0x00000000       0x71 ..\obj\mbox.o
 .comment       0x00000000       0x71 ..\obj\LedTask.o
 .comment       0x00000000       0x71 ..\obj\time.o
 .comment       0x00000000       0x71 ..\obj\JoyTmr.o
 .comment       0x00000000       0x71 ..\obj\event.o
 .comment       0x00000000       0x71 ..\obj\stm32f4xx_gpio.o
 .comment       0x00000000       0x71 ..\obj\servo_driver.o
 .comment       0x00000000       0x71 ..\obj\system_stm32f4xx.o
 .comment       0x00000000       0x71 ..\obj\stm32f4xx_dma.o
 .comment       0x00000000       0x71 ..\obj\queue.o
 .comment       0x00000000       0x71 ..\obj\port.o
 .comment       0x00000000       0x71 ..\obj\flag.o
 .comment       0x00000000       0x71 ..\obj\arch.o
 .comment       0x00000000       0x71 ..\obj\misc.o
 .comment       0x00000000       0x71 ..\obj\sem.o
 .comment       0x00000000       0x71 ..\obj\hook.o
 .comment       0x00000000       0x71 ..\obj\stm32f4xx_tim.o

.ARM.attributes
                0x00000000       0x37
 .ARM.attributes
                0x00000000       0x37 ..\obj\led_driver.o
 .ARM.attributes
                0x00000037       0x37 ..\obj\kernelHeap.o
 .ARM.attributes
                0x0000006e       0x37 ..\obj\core.o
 .ARM.attributes
                0x000000a5       0x37 ..\obj\timer.o
 .ARM.attributes
                0x000000dc       0x37 ..\obj\stm32f4xx_usart.o
 .ARM.attributes
                0x00000113       0x37 ..\obj\joy_driver.o
 .ARM.attributes
                0x0000014a       0x37 ..\obj\SerialTask.o
 .ARM.attributes
                0x00000181       0x37 ..\obj\task.o
 .ARM.attributes
                0x000001b8       0x37 ..\obj\startup_stm32f4xx.o
 .ARM.attributes
                0x000001ef       0x37 ..\obj\serviceReq.o
 .ARM.attributes
                0x00000226       0x37 ..\obj\analogJoy_driver.o
 .ARM.attributes
                0x0000025d       0x37 ..\obj\main.o
 .ARM.attributes
                0x00000294       0x37 ..\obj\stm32f4xx_rcc.o
 .ARM.attributes
                0x000002cb       0x37 ..\obj\motor_driver.o
 .ARM.attributes
                0x00000302       0x37 ..\obj\stm32f4xx_adc.o
 .ARM.attributes
                0x00000339       0x37 ..\obj\printf.o
 .ARM.attributes
                0x00000370       0x37 ..\obj\mbox.o
 .ARM.attributes
                0x000003a7       0x37 ..\obj\LedTask.o
 .ARM.attributes
                0x000003de       0x37 ..\obj\time.o
 .ARM.attributes
                0x00000415       0x37 ..\obj\JoyTmr.o
 .ARM.attributes
                0x0000044c       0x37 ..\obj\event.o
 .ARM.attributes
                0x00000483       0x37 ..\obj\stm32f4xx_gpio.o
 .ARM.attributes
                0x000004ba       0x37 ..\obj\servo_driver.o
 .ARM.attributes
                0x000004f1       0x37 ..\obj\system_stm32f4xx.o
 .ARM.attributes
                0x00000528       0x37 ..\obj\stm32f4xx_dma.o
 .ARM.attributes
                0x0000055f       0x37 ..\obj\queue.o
 .ARM.attributes
                0x00000596       0x37 ..\obj\port.o
 .ARM.attributes
                0x000005cd       0x37 ..\obj\flag.o
 .ARM.attributes
                0x00000604       0x37 ..\obj\arch.o
 .ARM.attributes
                0x0000063b       0x37 ..\obj\misc.o
 .ARM.attributes
                0x00000672       0x37 ..\obj\sem.o
 .ARM.attributes
                0x000006a9       0x37 ..\obj\hook.o
 .ARM.attributes
                0x000006e0       0x37 ..\obj\stm32f4xx_tim.o

.debug_frame    0x00000000     0x3cbc
 .debug_frame   0x00000000       0xa0 ..\obj\led_driver.o
 .debug_frame   0x000000a0       0xa4 ..\obj\kernelHeap.o
 .debug_frame   0x00000144       0xf8 ..\obj\core.o
 .debug_frame   0x0000023c      0x178 ..\obj\timer.o
 .debug_frame   0x000003b4      0x490 ..\obj\stm32f4xx_usart.o
 .debug_frame   0x00000844       0x58 ..\obj\joy_driver.o
 .debug_frame   0x0000089c      0x118 ..\obj\SerialTask.o
 .debug_frame   0x000009b4      0x2c8 ..\obj\task.o
 .debug_frame   0x00000c7c       0x4c ..\obj\startup_stm32f4xx.o
 .debug_frame   0x00000cc8       0x58 ..\obj\serviceReq.o
 .debug_frame   0x00000d20       0x5c ..\obj\analogJoy_driver.o
 .debug_frame   0x00000d7c       0x64 ..\obj\main.o
 .debug_frame   0x00000de0      0x6d4 ..\obj\stm32f4xx_rcc.o
 .debug_frame   0x000014b4       0x58 ..\obj\motor_driver.o
 .debug_frame   0x0000150c      0x5ec ..\obj\stm32f4xx_adc.o
 .debug_frame   0x00001af8      0x2e0 ..\obj\printf.o
 .debug_frame   0x00001dd8       0xe8 ..\obj\mbox.o
 .debug_frame   0x00001ec0       0xac ..\obj\LedTask.o
 .debug_frame   0x00001f6c      0x130 ..\obj\time.o
 .debug_frame   0x0000209c       0xc8 ..\obj\JoyTmr.o
 .debug_frame   0x00002164      0x114 ..\obj\event.o
 .debug_frame   0x00002278      0x23c ..\obj\stm32f4xx_gpio.o
 .debug_frame   0x000024b4       0x58 ..\obj\servo_driver.o
 .debug_frame   0x0000250c       0x74 ..\obj\system_stm32f4xx.o
 .debug_frame   0x00002580      0x308 ..\obj\stm32f4xx_dma.o
 .debug_frame   0x00002888       0xe8 ..\obj\queue.o
 .debug_frame   0x00002970       0xd0 ..\obj\port.o
 .debug_frame   0x00002a40      0x1cc ..\obj\flag.o
 .debug_frame   0x00002c0c       0x54 ..\obj\arch.o
 .debug_frame   0x00002c60       0xd8 ..\obj\misc.o
 .debug_frame   0x00002d38       0xe8 ..\obj\sem.o
 .debug_frame   0x00002e20       0x48 ..\obj\hook.o
 .debug_frame   0x00002e68      0xe54 ..\obj\stm32f4xx_tim.o
